###############################################################################
#
# IAR ELF Linker V7.50.2.10312/W32 for ARM                11/May/2017  20:42:06
# Copyright 2007-2015 IAR Systems AB.
#
#    Output file  =  
#        D:\New_SD_Device\ОС\Урок 3\Упражнение 7 очередь\Debug\Exe\c.out
#    Map file     =  
#        D:\New_SD_Device\ОС\Урок 3\Упражнение 7 очередь\Debug\List\c.map
#    Command line =  
#        "D:\New_SD_Device\ОС\Урок 3\Упражнение 7 очередь\Debug\Obj\croutine.o"
#        "D:\New_SD_Device\ОС\Урок 3\Упражнение 7
#        очередь\Debug\Obj\event_groups.o" "D:\New_SD_Device\ОС\Урок
#        3\Упражнение 7 очередь\Debug\Obj\heap_2.o" "D:\New_SD_Device\ОС\Урок
#        3\Упражнение 7 очередь\Debug\Obj\list.o" "D:\New_SD_Device\ОС\Урок
#        3\Упражнение 7 очередь\Debug\Obj\main.o" "D:\New_SD_Device\ОС\Урок
#        3\Упражнение 7 очередь\Debug\Obj\port.o" "D:\New_SD_Device\ОС\Урок
#        3\Упражнение 7 очередь\Debug\Obj\portasm.o" "D:\New_SD_Device\ОС\Урок
#        3\Упражнение 7 очередь\Debug\Obj\queue.o" "D:\New_SD_Device\ОС\Урок
#        3\Упражнение 7 очередь\Debug\Obj\startup_stm32f4xx.o"
#        "D:\New_SD_Device\ОС\Урок 3\Упражнение 7
#        очередь\Debug\Obj\stm32f4xx_gpio.o" "D:\New_SD_Device\ОС\Урок
#        3\Упражнение 7 очередь\Debug\Obj\stm32f4xx_rcc.o"
#        "D:\New_SD_Device\ОС\Урок 3\Упражнение 7
#        очередь\Debug\Obj\system_stm32f4xx.o" "D:\New_SD_Device\ОС\Урок
#        3\Упражнение 7 очередь\Debug\Obj\tasks.o" "D:\New_SD_Device\ОС\Урок
#        3\Упражнение 7 очередь\Debug\Obj\timers.o" -o
#        "D:\New_SD_Device\ОС\Урок 3\Упражнение 7 очередь\Debug\Exe\c.out"
#        --redirect _Printf=_PrintfFull --redirect _Scanf=_ScanfFull --map
#        "D:\New_SD_Device\ОС\Урок 3\Упражнение 7 очередь\Debug\List\c.map"
#        --config "C:\Program Files (x86)\IAR Systems\Embedded Workbench
#        7.3\arm\config\linker\ST\stm32f407xG.icf" --semihosting --entry
#        __iar_program_start --vfe
#
###############################################################################

*******************************************************************************
*** RUNTIME MODEL ATTRIBUTES
***

CppFlavor       = *
__SystemLibrary = DLib


*******************************************************************************
*** PLACEMENT SUMMARY
***

"A1":  place at 0x08000000 { ro section .intvec };
"P1":  place in [from 0x08000000 to 0x080fffff] { ro };
"P2":  place in [from 0x20000000 to 0x2001ffff] { rw, block CSTACK, block HEAP };

  Section            Kind        Address     Size  Object
  -------            ----        -------     ----  ------
"A1":                                       0x188
  .intvec            ro code  0x08000000    0x188  startup_stm32f4xx.o [1]
                            - 0x08000188    0x188

"P1":                                      0x231c
  .text              ro code  0x08000188    0xaec  tasks.o [1]
  .text              ro code  0x08000c74    0x154  heap_2.o [1]
  .text              ro code  0x08000dc8     0x66  ABImemset.o [5]
  .text              ro code  0x08000e2e     0x9e  list.o [1]
  .text              ro code  0x08000ecc    0x258  port.o [1]
  .text              ro code  0x08001124    0x43c  timers.o [1]
  CODE               ro code  0x08001560     0xa8  portasm.o [1]
  .text              ro code  0x08001608    0x7bc  queue.o [1]
  .text              ro code  0x08001dc4     0x76  ABImemcpy_unaligned.o [5]
  .rodata            const    0x08001e3a      0x2  heap_2.o [1]
  .text              ro code  0x08001e3c    0x180  system_stm32f4xx.o [1]
  .text              ro code  0x08001fbc    0x170  startup_stm32f4xx.o [1]
  .text              ro code  0x0800212c    0x138  main.o [1]
  .text              ro code  0x08002264     0x24  stm32f4xx_rcc.o [1]
  .text              ro code  0x08002288     0xb8  stm32f4xx_gpio.o [1]
  .text              ro code  0x08002340     0x40  zero_init3.o [5]
  .text              ro code  0x08002380     0x2c  copy_init3.o [5]
  .text              ro code  0x080023ac     0x28  data_init.o [5]
  .text              ro code  0x080023d4     0x22  fpinit_M.o [4]
  .iar.init_table    const    0x080023f8     0x24  - Linker created -
  .text              ro code  0x0800241c     0x1a  cmain.o [5]
  .text              ro code  0x08002436      0x4  low_level_init.o [3]
  .text              ro code  0x0800243a      0x4  exit.o [3]
  .text              ro code  0x08002440      0xa  cexit.o [5]
  .text              ro code  0x0800244c     0x14  exit.o [6]
  .text              ro code  0x08002460      0xc  cstartup_M.o [5]
  Initializer bytes  const    0x0800246c      0xc  <for P2-1>
  .rodata            const    0x08002478      0x8  main.o [1]
  .rodata            const    0x08002480      0x8  main.o [1]
  .rodata            const    0x08002488      0x8  tasks.o [1]
  .rodata            const    0x08002490      0x8  timers.o [1]
  .rodata            const    0x08002498      0x8  timers.o [1]
  .rodata            const    0x080024a0      0x4  port.o [1]
  .rodata            const    0x080024a4      0x0  zero_init3.o [5]
  .rodata            const    0x080024a4      0x0  copy_init3.o [5]
                            - 0x080024a4   0x231c

"P2", part 1 of 3:                            0xc
  P2-1                        0x20000000      0xc  <Init block>
    .data            inited   0x20000000      0x4  heap_2.o [1]
    .data            inited   0x20000004      0x4  port.o [1]
    .data            inited   0x20000008      0x4  system_stm32f4xx.o [1]
                            - 0x2000000c      0xc

"P2", part 2 of 3:                         0x2000
  CSTACK                      0x20000010   0x2000  <Block>
    CSTACK           uninit   0x20000010   0x2000  <Block tail>
                            - 0x20002010   0x2000

"P2", part 3 of 3:                        0x12da0
  .bss               zero     0x20002010  0x12c00  heap_2.o [1]
  .bss               zero     0x20014c10     0x64  tasks.o [1]
  .bss               zero     0x20014c74     0x40  queue.o [1]
  .bss               zero     0x20014cb4     0x14  tasks.o [1]
  .bss               zero     0x20014cc8     0x14  tasks.o [1]
  .bss               zero     0x20014cdc     0x14  tasks.o [1]
  .bss               zero     0x20014cf0     0x14  tasks.o [1]
  .bss               zero     0x20014d04     0x14  tasks.o [1]
  .bss               zero     0x20014d18     0x14  timers.o [1]
  .bss               zero     0x20014d2c     0x14  timers.o [1]
  .bss               zero     0x20014d40      0x8  heap_2.o [1]
  .bss               zero     0x20014d48      0x8  heap_2.o [1]
  .bss               zero     0x20014d50      0x4  heap_2.o [1]
  .bss               zero     0x20014d54      0x4  main.o [1]
  .bss               zero     0x20014d58      0x4  port.o [1]
  .bss               zero     0x20014d5c      0x4  tasks.o [1]
  .bss               zero     0x20014d60      0x4  tasks.o [1]
  .bss               zero     0x20014d64      0x4  tasks.o [1]
  .bss               zero     0x20014d68      0x4  tasks.o [1]
  .bss               zero     0x20014d6c      0x4  tasks.o [1]
  .bss               zero     0x20014d70      0x4  tasks.o [1]
  .bss               zero     0x20014d74      0x4  tasks.o [1]
  .bss               zero     0x20014d78      0x4  tasks.o [1]
  .bss               zero     0x20014d7c      0x4  tasks.o [1]
  .bss               zero     0x20014d80      0x4  tasks.o [1]
  .bss               zero     0x20014d84      0x4  tasks.o [1]
  .bss               zero     0x20014d88      0x4  tasks.o [1]
  .bss               zero     0x20014d8c      0x4  tasks.o [1]
  .bss               zero     0x20014d90      0x4  tasks.o [1]
  .bss               zero     0x20014d94      0x4  tasks.o [1]
  .bss               zero     0x20014d98      0x4  timers.o [1]
  .bss               zero     0x20014d9c      0x4  timers.o [1]
  .bss               zero     0x20014da0      0x4  timers.o [1]
  .bss               zero     0x20014da4      0x4  timers.o [1]
  .bss               zero     0x20014da8      0x4  timers.o [1]
  .bss               zero     0x20014dac      0x1  port.o [1]
                            - 0x20014dad  0x12d9d


*******************************************************************************
*** INIT TABLE
***

          Address     Size
          -------     ----
Zero (__iar_zero_init3)
    1 destination range, total size 0x12d9d:
          0x20002010  0x12d9d

Copy (__iar_copy_init3)
    1 source range, total size 0xc:
          0x0800246c      0xc
    1 destination range, total size 0xc:
          0x20000000      0xc



*******************************************************************************
*** MODULE SUMMARY
***

    Module                 ro code  ro data  rw data
    ------                 -------  -------  -------
D:\New_SD_Device\ОС\Урок 3\Упражнение 7 очередь\Debug\Obj: [1]
    heap_2.o                   340        6   76 824
    list.o                     158
    main.o                     312       16        4
    port.o                     600        8        9
    portasm.o                  168
    queue.o                  1 980                64
    startup_stm32f4xx.o        760
    stm32f4xx_gpio.o           184
    stm32f4xx_rcc.o             36
    system_stm32f4xx.o         384        4        4
    tasks.o                  2 796        8      260
    timers.o                 1 084       16       60
    ------------------------------------------------
    Total:                   8 802       58   77 225

command line: [2]
    ------------------------------------------------
    Total:

dl7M_tln.a: [3]
    exit.o                       4
    low_level_init.o             4
    ------------------------------------------------
    Total:                       8

m7M_tls.a: [4]
    fpinit_M.o                  34
    ------------------------------------------------
    Total:                      34

rt7M_tl.a: [5]
    ABImemcpy_unaligned.o      118
    ABImemset.o                102
    cexit.o                     10
    cmain.o                     26
    copy_init3.o                44
    cstartup_M.o                12
    data_init.o                 40
    zero_init3.o                64
    ------------------------------------------------
    Total:                     416

shb_l.a: [6]
    exit.o                      20
    ------------------------------------------------
    Total:                      20

    Gaps                         4        2
    Linker created                       36    8 192
----------------------------------------------------
    Grand Total:             9 284       96   85 417


*******************************************************************************
*** ENTRY LIST
***

Entry                      Address     Size  Type      Object
-----                      -------     ----  ----      ------
.iar.init_table$$Base   0x080023f8            --   Gb  - Linker created -
.iar.init_table$$Limit  0x0800241c            --   Gb  - Linker created -
?main                   0x0800241d           Code  Gb  cmain.o [5]
CSTACK$$Base            0x20000010            --   Gb  - Linker created -
CSTACK$$Limit           0x20002010            --   Gb  - Linker created -
GPIO_Init               0x08002289     0xaa  Code  Gb  stm32f4xx_gpio.o [1]
GPIO_ResetBits          0x08002333      0x4  Code  Gb  stm32f4xx_gpio.o [1]
GPIO_ToggleBits         0x08002337      0xa  Code  Gb  stm32f4xx_gpio.o [1]
PendSV_Handler          0x08001561           Code  Gb  portasm.o [1]
RCC_AHB1PeriphClockCmd  0x08002265     0x1e  Code  Gb  stm32f4xx_rcc.o [1]
Region$$Table$$Base     0x080023f8            --   Gb  - Linker created -
Region$$Table$$Limit    0x0800241c            --   Gb  - Linker created -
SVC_Handler             0x080015b9           Code  Gb  portasm.o [1]
SetSysClock             0x08001e8f     0xf4  Code  Lc  system_stm32f4xx.o [1]
SysTick_Handler         0x08001057     0x28  Code  Gb  port.o [1]
SystemCoreClock         0x20000008      0x4  Data  Gb  system_stm32f4xx.o [1]
SystemInit              0x08001e3d     0x52  Code  Gb  system_stm32f4xx.o [1]
__aeabi_memset          0x08000dc9           Code  Gb  ABImemset.o [5]
__cmain                 0x0800241d           Code  Gb  cmain.o [5]
__exit                  0x0800244d     0x14  Code  Gb  exit.o [6]
__iar_Memset            0x08000dc9           Code  Gb  ABImemset.o [5]
__iar_Memset_word       0x08000dd1           Code  Gb  ABImemset.o [5]
__iar_copy_init3        0x08002381     0x2c  Code  Gb  copy_init3.o [5]
__iar_data_init3        0x080023ad     0x28  Code  Gb  data_init.o [5]
__iar_init_vfp          0x080023d5           Code  Gb  fpinit_M.o [4]
__iar_program_start     0x08002461           Code  Gb  cstartup_M.o [5]
__iar_unaligned___aeabi_memcpy
                        0x08001dc5           Code  Gb  ABImemcpy_unaligned.o [5]
__iar_unaligned___aeabi_memcpy4
                        0x08001de5           Code  Gb  ABImemcpy_unaligned.o [5]
__iar_unaligned___aeabi_memcpy8
                        0x08001de5           Code  Gb  ABImemcpy_unaligned.o [5]
__iar_zero_init3        0x08002341     0x40  Code  Gb  zero_init3.o [5]
__low_level_init        0x08002437      0x4  Code  Gb  low_level_init.o [3]
__vector_table          0x08000000           Data  Gb  startup_stm32f4xx.o [1]
_call_main              0x08002429           Code  Gb  cmain.o [5]
_exit                   0x08002441           Code  Gb  cexit.o [5]
_main                   0x08002433           Code  Gb  cmain.o [5]
exit                    0x0800243b      0x4  Code  Gb  exit.o [3]
heapSTRUCT_SIZE         0x08001e3a      0x2  Data  Lc  heap_2.o [1]
init_LED                0x0800212d     0x34  Code  Gb  main.o [1]
main                    0x080021f1     0x58  Code  Gb  main.o [1]
pcInterruptPriorityRegisters
                        0x080024a0      0x4  Data  Lc  port.o [1]
prvAddCurrentTaskToDelayedList
                        0x08000bb1     0x82  Code  Lc  tasks.o [1]
prvAddNewTaskToReadyList
                        0x080002e9     0xc0  Code  Lc  tasks.o [1]
prvCheckForValidListAndQueue
                        0x080014eb     0x4c  Code  Lc  timers.o [1]
prvCheckTasksWaitingTermination
                        0x08000943     0x66  Code  Lc  tasks.o [1]
prvCopyDataFromQueue    0x08001c69     0x30  Code  Lc  queue.o [1]
prvCopyDataToQueue      0x08001bcf     0x9a  Code  Lc  queue.o [1]
prvDeleteTCB            0x080009a9     0x12  Code  Lc  tasks.o [1]
prvGetNextExpireTime    0x080012d7     0x2e  Code  Lc  timers.o [1]
prvHeapInit             0x08000d83     0x2a  Code  Lc  heap_2.o [1]
prvIdleTask             0x080008b5     0x2a  Code  Lc  tasks.o [1]
prvInitialiseNewQueue   0x080016f5     0x36  Code  Lc  queue.o [1]
prvInitialiseNewTask    0x0800020d     0xdc  Code  Lc  tasks.o [1]
prvInitialiseTaskLists  0x080008e9     0x5a  Code  Lc  tasks.o [1]
prvInsertTimerInActiveList
                        0x0800132d     0x50  Code  Lc  timers.o [1]
prvIsQueueEmpty         0x08001d07     0x20  Code  Lc  queue.o [1]
prvIsQueueFull          0x08001d27     0x22  Code  Lc  queue.o [1]
prvProcessExpiredTimer  0x080011f1     0x5c  Code  Lc  timers.o [1]
prvProcessReceivedCommands
                        0x0800137d     0xde  Code  Lc  timers.o [1]
prvProcessTimerOrBlockTask
                        0x08001267     0x70  Code  Lc  timers.o [1]
prvResetNextTaskUnblockTime
                        0x080009bb     0x2a  Code  Lc  tasks.o [1]
prvSampleTimeNow        0x08001305     0x28  Code  Lc  timers.o [1]
prvSwitchTimerLists     0x0800145b     0x90  Code  Lc  timers.o [1]
prvTaskExitError        0x08000ef5     0x2a  Code  Lc  port.o [1]
prvTimerTask            0x0800124d     0x1a  Code  Lc  timers.o [1]
prvUnlockQueue          0x08001c99     0x6e  Code  Lc  queue.o [1]
pvPortMalloc            0x08000c77     0xca  Code  Gb  heap_2.o [1]
pvTaskIncrementMutexHeldCount
                        0x08000b71     0x1e  Code  Gb  tasks.o [1]
pxCurrentTCB            0x20014d5c      0x4  Data  Gb  tasks.o [1]
pxCurrentTimerList      0x20014d98      0x4  Data  Lc  timers.o [1]
pxDelayedTaskList       0x20014d60      0x4  Data  Lc  tasks.o [1]
pxOverflowDelayedTaskList
                        0x20014d64      0x4  Data  Lc  tasks.o [1]
pxOverflowTimerList     0x20014d9c      0x4  Data  Lc  timers.o [1]
pxPortInitialiseStack   0x08000ecd     0x28  Code  Gb  port.o [1]
pxReadyTasksLists       0x20014c10     0x64  Data  Lc  tasks.o [1]
ucHeap                  0x20002010  0x12c00  Data  Lc  heap_2.o [1]
ucMaxSysCallPriority    0x20014dac      0x1  Data  Lc  port.o [1]
ulMaxPRIGROUPValue      0x20014d58      0x4  Data  Lc  port.o [1]
uxCriticalNesting       0x20000004      0x4  Data  Lc  port.o [1]
uxCurrentNumberOfTasks  0x20014d6c      0x4  Data  Lc  tasks.o [1]
uxDeletedTasksWaitingCleanUp
                        0x20014d68      0x4  Data  Lc  tasks.o [1]
uxListRemove            0x08000ea5     0x28  Code  Gb  list.o [1]
uxPendedTicks           0x20014d7c      0x4  Data  Lc  tasks.o [1]
uxQueueMessagesWaiting  0x08001ba7     0x28  Code  Gb  queue.o [1]
uxSchedulerSuspended    0x20014d94      0x4  Data  Lc  tasks.o [1]
uxTaskNumber            0x20014d88      0x4  Data  Lc  tasks.o [1]
uxTopReadyPriority      0x20014d74      0x4  Data  Lc  tasks.o [1]
vApplicationIdleHook    0x080008b1      0x2  Code  Gb  tasks.o [1]
vApplicationMallocFailedHook
                        0x08000c75      0x2  Code  Gb  heap_2.o [1]
vListInitialise         0x08000e2f     0x1e  Code  Gb  list.o [1]
vListInitialiseItem     0x08000e4d      0x6  Code  Gb  list.o [1]
vListInsert             0x08000e6b     0x3a  Code  Gb  list.o [1]
vListInsertEnd          0x08000e53     0x18  Code  Gb  list.o [1]
vPortEnableVFP          0x080015ed           Code  Gb  portasm.o [1]
vPortEnterCritical      0x08000feb     0x3a  Code  Gb  port.o [1]
vPortExitCritical       0x08001025     0x32  Code  Gb  port.o [1]
vPortFree               0x08000d41     0x42  Code  Gb  heap_2.o [1]
vPortSetupTimerInterrupt
                        0x0800107f     0x1a  Code  Wk  port.o [1]
vPortStartFirstTask     0x080015d5           Code  Gb  portasm.o [1]
vPortValidateInterruptPriority
                        0x08001099     0x4e  Code  Gb  port.o [1]
vQueueAddToRegistry     0x08001d49     0x28  Code  Gb  queue.o [1]
vQueueWaitForMessageRestricted
                        0x08001d79     0x4c  Code  Gb  queue.o [1]
vReceiveTask            0x080021a1     0x50  Code  Gb  main.o [1]
vSenderTask             0x08002161     0x40  Code  Gb  main.o [1]
vTaskMissedYield        0x080008a3      0xa  Code  Gb  tasks.o [1]
vTaskPlaceOnEventList   0x080006cf     0x34  Code  Gb  tasks.o [1]
vTaskPlaceOnEventListRestricted
                        0x08000711     0x40  Code  Gb  tasks.o [1]
vTaskPriorityInherit    0x08000a0b     0xac  Code  Gb  tasks.o [1]
vTaskSetTimeOutState    0x080007ed     0x26  Code  Gb  tasks.o [1]
vTaskStartScheduler     0x080003a9     0x72  Code  Gb  tasks.o [1]
vTaskSuspendAll         0x0800041b     0x10  Code  Gb  tasks.o [1]
vTaskSwitchContext      0x0800065f     0x70  Code  Gb  tasks.o [1]
xActiveTimerList1       0x20014d18     0x14  Data  Lc  timers.o [1]
xActiveTimerList2       0x20014d2c     0x14  Data  Lc  timers.o [1]
xDelayedTaskList1       0x20014cb4     0x14  Data  Lc  tasks.o [1]
xDelayedTaskList2       0x20014cc8     0x14  Data  Lc  tasks.o [1]
xEnd                    0x20014d48      0x8  Data  Lc  heap_2.o [1]
xFreeBytesRemaining     0x20000000      0x4  Data  Lc  heap_2.o [1]
xIdleTaskHandle         0x20014d90      0x4  Data  Lc  tasks.o [1]
xNextTaskUnblockTime    0x20014d8c      0x4  Data  Lc  tasks.o [1]
xNumOfOverflows         0x20014d84      0x4  Data  Lc  tasks.o [1]
xPendingReadyList       0x20014cdc     0x14  Data  Lc  tasks.o [1]
xPortStartScheduler     0x08000f1f     0xcc  Code  Gb  port.o [1]
xQueue                  0x20014d54      0x4  Data  Gb  main.o [1]
xQueueGenericCreate     0x0800169d     0x58  Code  Gb  queue.o [1]
xQueueGenericReceive    0x080019cb    0x1dc  Code  Gb  queue.o [1]
xQueueGenericReset      0x08001609     0x94  Code  Gb  queue.o [1]
xQueueGenericSend       0x0800172b    0x1b2  Code  Gb  queue.o [1]
xQueueGenericSendFromISR
                        0x080018dd     0xee  Code  Gb  queue.o [1]
xQueueRegistry          0x20014c74     0x40  Data  Gb  queue.o [1]
xSchedulerRunning       0x20014d78      0x4  Data  Lc  tasks.o [1]
xStart                  0x20014d40      0x8  Data  Lc  heap_2.o [1]
xSuspendedTaskList      0x20014d04     0x14  Data  Lc  tasks.o [1]
xTaskCheckForTimeOut    0x08000819     0x8a  Code  Gb  tasks.o [1]
xTaskCreate             0x08000189     0x84  Code  Gb  tasks.o [1]
xTaskGetSchedulerState  0x080009e5     0x26  Code  Gb  tasks.o [1]
xTaskGetTickCount       0x08000529      0xa  Code  Gb  tasks.o [1]
xTaskIncrementTick      0x08000533    0x12c  Code  Gb  tasks.o [1]
xTaskPriorityDisinherit
                        0x08000ab7     0xba  Code  Gb  tasks.o [1]
xTaskRemoveFromEventList
                        0x0800075d     0x8c  Code  Gb  tasks.o [1]
xTaskResumeAll          0x0800042b     0xfe  Code  Gb  tasks.o [1]
xTasksWaitingTermination
                        0x20014cf0     0x14  Data  Lc  tasks.o [1]
xTickCount              0x20014d70      0x4  Data  Lc  tasks.o [1]
xTimerCreateTimerTask   0x08001125     0x48  Code  Gb  timers.o [1]
xTimerGenericCommand    0x0800116d     0x84  Code  Gb  timers.o [1]
xTimerQueue             0x20014da0      0x4  Data  Lc  timers.o [1]
xTimerTaskHandle        0x20014da4      0x4  Data  Lc  timers.o [1]
xYieldPending           0x20014d80      0x4  Data  Lc  tasks.o [1]


[1] = D:\New_SD_Device\ОС\Урок 3\Упражнение 7 очередь\Debug\Obj
[2] = command line
[3] = dl7M_tln.a
[4] = m7M_tls.a
[5] = rt7M_tl.a
[6] = shb_l.a

   9 284 bytes of readonly  code memory
      96 bytes of readonly  data memory
  85 417 bytes of readwrite data memory

Errors: none
Warnings: none
