###############################################################################
#
# IAR ELF Linker V7.50.2.10312/W32 for ARM                09/May/2017  16:33:45
# Copyright 2007-2015 IAR Systems AB.
#
#    Output file  =  D:\New_SD_Device\ОС\Урок 2\Упражнение 5\Debug\Exe\c.out
#    Map file     =  D:\New_SD_Device\ОС\Урок 2\Упражнение 5\Debug\List\c.map
#    Command line =  
#        "D:\New_SD_Device\ОС\Урок 2\Упражнение 5\Debug\Obj\croutine.o"
#        "D:\New_SD_Device\ОС\Урок 2\Упражнение 5\Debug\Obj\event_groups.o"
#        "D:\New_SD_Device\ОС\Урок 2\Упражнение 5\Debug\Obj\heap_2.o"
#        "D:\New_SD_Device\ОС\Урок 2\Упражнение 5\Debug\Obj\list.o"
#        "D:\New_SD_Device\ОС\Урок 2\Упражнение 5\Debug\Obj\main.o"
#        "D:\New_SD_Device\ОС\Урок 2\Упражнение 5\Debug\Obj\port.o"
#        "D:\New_SD_Device\ОС\Урок 2\Упражнение 5\Debug\Obj\portasm.o"
#        "D:\New_SD_Device\ОС\Урок 2\Упражнение 5\Debug\Obj\queue.o"
#        "D:\New_SD_Device\ОС\Урок 2\Упражнение
#        5\Debug\Obj\startup_stm32f4xx.o" "D:\New_SD_Device\ОС\Урок
#        2\Упражнение 5\Debug\Obj\stm32f4xx_gpio.o" "D:\New_SD_Device\ОС\Урок
#        2\Упражнение 5\Debug\Obj\stm32f4xx_rcc.o" "D:\New_SD_Device\ОС\Урок
#        2\Упражнение 5\Debug\Obj\system_stm32f4xx.o" "D:\New_SD_Device\ОС\Урок
#        2\Упражнение 5\Debug\Obj\tasks.o" "D:\New_SD_Device\ОС\Урок
#        2\Упражнение 5\Debug\Obj\timers.o" -o "D:\New_SD_Device\ОС\Урок
#        2\Упражнение 5\Debug\Exe\c.out" --redirect _Printf=_PrintfFull
#        --redirect _Scanf=_ScanfFull --map "D:\New_SD_Device\ОС\Урок
#        2\Упражнение 5\Debug\List\c.map" --config "C:\Program Files (x86)\IAR
#        Systems\Embedded Workbench 7.3\arm\config\linker\ST\stm32f429xI.icf"
#        --semihosting --entry __iar_program_start --vfe
#
###############################################################################

*******************************************************************************
*** RUNTIME MODEL ATTRIBUTES
***

CppFlavor       = *
__SystemLibrary = DLib


*******************************************************************************
*** PLACEMENT SUMMARY
***

"A1":  place at 0x08000000 { ro section .intvec };
"P1":  place in [from 0x08000000 to 0x081fffff] { ro };
"P2":  place in [from 0x20000000 to 0x2002ffff] { rw, block CSTACK, block HEAP };

  Section            Kind        Address     Size  Object
  -------            ----        -------     ----  ------
"A1":                                       0x188
  .intvec            ro code  0x08000000    0x188  startup_stm32f4xx.o [1]
                            - 0x08000188    0x188

"P1":                                      0x23b0
  .text              ro code  0x08000188    0xc24  tasks.o [1]
  .text              ro code  0x08000dac    0x154  heap_2.o [1]
  .text              ro code  0x08000f00     0x66  ABImemset.o [5]
  .text              ro code  0x08000f66     0x9e  list.o [1]
  .text              ro code  0x08001004    0x258  port.o [1]
  .text              ro code  0x0800125c    0x43c  timers.o [1]
  CODE               ro code  0x08001698     0xa8  portasm.o [1]
  .text              ro code  0x08001740    0x794  queue.o [1]
  .text              ro code  0x08001ed4     0x76  ABImemcpy_unaligned.o [5]
  .rodata            const    0x08001f4a      0x2  heap_2.o [1]
  .text              ro code  0x08001f4c    0x180  system_stm32f4xx.o [1]
  .text              ro code  0x080020cc     0xb4  main.o [1]
  .text              ro code  0x08002180     0x24  stm32f4xx_rcc.o [1]
  .text              ro code  0x080021a4     0xb4  stm32f4xx_gpio.o [1]
  .text              ro code  0x08002258     0x40  zero_init3.o [5]
  .text              ro code  0x08002298     0x2c  copy_init3.o [5]
  .text              ro code  0x080022c4     0x28  data_init.o [5]
  .text              ro code  0x080022ec     0x22  fpinit_M.o [4]
  .iar.init_table    const    0x08002310     0x24  - Linker created -
  .text              ro code  0x08002334     0x1a  cmain.o [5]
  .text              ro code  0x0800234e      0x4  low_level_init.o [3]
  .text              ro code  0x08002352      0x4  exit.o [3]
  .text              ro code  0x08002358      0xa  cexit.o [5]
  .text              ro code  0x08002364     0x14  exit.o [6]
  .text              ro code  0x08002378     0x10  startup_stm32f4xx.o [1]
  .text              ro code  0x08002388      0xc  cstartup_M.o [5]
  Initializer bytes  const    0x08002394      0xc  <for P2-1>
  .rodata            const    0x080023a0      0x8  main.o [1]
  .rodata            const    0x080023a8      0x8  main.o [1]
  .rodata            const    0x080023b0      0x8  tasks.o [1]
  .rodata            const    0x080023b8      0x8  timers.o [1]
  .rodata            const    0x080023c0      0x8  timers.o [1]
  .rodata            const    0x080023c8      0x4  port.o [1]
  .text              ro code  0x080023cc      0x4  startup_stm32f4xx.o [1]
  .text              ro code  0x080023d0      0x4  startup_stm32f4xx.o [1]
  .text              ro code  0x080023d4      0x4  startup_stm32f4xx.o [1]
  .text              ro code  0x080023d8      0x4  startup_stm32f4xx.o [1]
  .text              ro code  0x080023dc      0x4  startup_stm32f4xx.o [1]
  .text              ro code  0x080023e0      0x4  startup_stm32f4xx.o [1]
  .text              ro code  0x080023e4      0x4  startup_stm32f4xx.o [1]
  .text              ro code  0x080023e8      0x4  startup_stm32f4xx.o [1]
  .text              ro code  0x080023ec      0x4  startup_stm32f4xx.o [1]
  .text              ro code  0x080023f0      0x4  startup_stm32f4xx.o [1]
  .text              ro code  0x080023f4      0x4  startup_stm32f4xx.o [1]
  .text              ro code  0x080023f8      0x4  startup_stm32f4xx.o [1]
  .text              ro code  0x080023fc      0x4  startup_stm32f4xx.o [1]
  .text              ro code  0x08002400      0x4  startup_stm32f4xx.o [1]
  .text              ro code  0x08002404      0x4  startup_stm32f4xx.o [1]
  .text              ro code  0x08002408      0x4  startup_stm32f4xx.o [1]
  .text              ro code  0x0800240c      0x4  startup_stm32f4xx.o [1]
  .text              ro code  0x08002410      0x4  startup_stm32f4xx.o [1]
  .text              ro code  0x08002414      0x4  startup_stm32f4xx.o [1]
  .text              ro code  0x08002418      0x4  startup_stm32f4xx.o [1]
  .text              ro code  0x0800241c      0x4  startup_stm32f4xx.o [1]
  .text              ro code  0x08002420      0x4  startup_stm32f4xx.o [1]
  .text              ro code  0x08002424      0x4  startup_stm32f4xx.o [1]
  .text              ro code  0x08002428      0x4  startup_stm32f4xx.o [1]
  .text              ro code  0x0800242c      0x4  startup_stm32f4xx.o [1]
  .text              ro code  0x08002430      0x4  startup_stm32f4xx.o [1]
  .text              ro code  0x08002434      0x4  startup_stm32f4xx.o [1]
  .text              ro code  0x08002438      0x4  startup_stm32f4xx.o [1]
  .text              ro code  0x0800243c      0x4  startup_stm32f4xx.o [1]
  .text              ro code  0x08002440      0x4  startup_stm32f4xx.o [1]
  .text              ro code  0x08002444      0x4  startup_stm32f4xx.o [1]
  .text              ro code  0x08002448      0x4  startup_stm32f4xx.o [1]
  .text              ro code  0x0800244c      0x4  startup_stm32f4xx.o [1]
  .text              ro code  0x08002450      0x4  startup_stm32f4xx.o [1]
  .text              ro code  0x08002454      0x4  startup_stm32f4xx.o [1]
  .text              ro code  0x08002458      0x4  startup_stm32f4xx.o [1]
  .text              ro code  0x0800245c      0x4  startup_stm32f4xx.o [1]
  .text              ro code  0x08002460      0x4  startup_stm32f4xx.o [1]
  .text              ro code  0x08002464      0x4  startup_stm32f4xx.o [1]
  .text              ro code  0x08002468      0x4  startup_stm32f4xx.o [1]
  .text              ro code  0x0800246c      0x4  startup_stm32f4xx.o [1]
  .text              ro code  0x08002470      0x4  startup_stm32f4xx.o [1]
  .text              ro code  0x08002474      0x4  startup_stm32f4xx.o [1]
  .text              ro code  0x08002478      0x4  startup_stm32f4xx.o [1]
  .text              ro code  0x0800247c      0x4  startup_stm32f4xx.o [1]
  .text              ro code  0x08002480      0x4  startup_stm32f4xx.o [1]
  .text              ro code  0x08002484      0x4  startup_stm32f4xx.o [1]
  .text              ro code  0x08002488      0x4  startup_stm32f4xx.o [1]
  .text              ro code  0x0800248c      0x4  startup_stm32f4xx.o [1]
  .text              ro code  0x08002490      0x4  startup_stm32f4xx.o [1]
  .text              ro code  0x08002494      0x4  startup_stm32f4xx.o [1]
  .text              ro code  0x08002498      0x4  startup_stm32f4xx.o [1]
  .text              ro code  0x0800249c      0x4  startup_stm32f4xx.o [1]
  .text              ro code  0x080024a0      0x4  startup_stm32f4xx.o [1]
  .text              ro code  0x080024a4      0x4  startup_stm32f4xx.o [1]
  .text              ro code  0x080024a8      0x4  startup_stm32f4xx.o [1]
  .text              ro code  0x080024ac      0x4  startup_stm32f4xx.o [1]
  .text              ro code  0x080024b0      0x4  startup_stm32f4xx.o [1]
  .text              ro code  0x080024b4      0x4  startup_stm32f4xx.o [1]
  .text              ro code  0x080024b8      0x4  startup_stm32f4xx.o [1]
  .text              ro code  0x080024bc      0x4  startup_stm32f4xx.o [1]
  .text              ro code  0x080024c0      0x4  startup_stm32f4xx.o [1]
  .text              ro code  0x080024c4      0x4  startup_stm32f4xx.o [1]
  .text              ro code  0x080024c8      0x4  startup_stm32f4xx.o [1]
  .text              ro code  0x080024cc      0x4  startup_stm32f4xx.o [1]
  .text              ro code  0x080024d0      0x4  startup_stm32f4xx.o [1]
  .text              ro code  0x080024d4      0x4  startup_stm32f4xx.o [1]
  .text              ro code  0x080024d8      0x4  startup_stm32f4xx.o [1]
  .text              ro code  0x080024dc      0x4  startup_stm32f4xx.o [1]
  .text              ro code  0x080024e0      0x4  startup_stm32f4xx.o [1]
  .text              ro code  0x080024e4      0x4  startup_stm32f4xx.o [1]
  .text              ro code  0x080024e8      0x4  startup_stm32f4xx.o [1]
  .text              ro code  0x080024ec      0x4  startup_stm32f4xx.o [1]
  .text              ro code  0x080024f0      0x4  startup_stm32f4xx.o [1]
  .text              ro code  0x080024f4      0x4  startup_stm32f4xx.o [1]
  .text              ro code  0x080024f8      0x4  startup_stm32f4xx.o [1]
  .text              ro code  0x080024fc      0x4  startup_stm32f4xx.o [1]
  .text              ro code  0x08002500      0x4  startup_stm32f4xx.o [1]
  .text              ro code  0x08002504      0x4  startup_stm32f4xx.o [1]
  .text              ro code  0x08002508      0x4  startup_stm32f4xx.o [1]
  .text              ro code  0x0800250c      0x4  startup_stm32f4xx.o [1]
  .text              ro code  0x08002510      0x4  startup_stm32f4xx.o [1]
  .text              ro code  0x08002514      0x4  startup_stm32f4xx.o [1]
  .text              ro code  0x08002518      0x4  startup_stm32f4xx.o [1]
  .text              ro code  0x0800251c      0x4  startup_stm32f4xx.o [1]
  .text              ro code  0x08002520      0x4  startup_stm32f4xx.o [1]
  .text              ro code  0x08002524      0x4  startup_stm32f4xx.o [1]
  .text              ro code  0x08002528      0x4  startup_stm32f4xx.o [1]
  .text              ro code  0x0800252c      0x4  startup_stm32f4xx.o [1]
  .text              ro code  0x08002530      0x4  startup_stm32f4xx.o [1]
  .text              ro code  0x08002534      0x4  startup_stm32f4xx.o [1]
  .rodata            const    0x08002538      0x0  zero_init3.o [5]
  .rodata            const    0x08002538      0x0  copy_init3.o [5]
                            - 0x08002538   0x23b0

"P2", part 1 of 3:                            0xc
  P2-1                        0x20000000      0xc  <Init block>
    .data            inited   0x20000000      0x4  heap_2.o [1]
    .data            inited   0x20000004      0x4  port.o [1]
    .data            inited   0x20000008      0x4  system_stm32f4xx.o [1]
                            - 0x2000000c      0xc

"P2", part 2 of 3:                         0x2000
  CSTACK                      0x20000010   0x2000  <Block>
    CSTACK           uninit   0x20000010   0x2000  <Block tail>
                            - 0x20002010   0x2000

"P2", part 3 of 3:                        0x12d9c
  .bss               zero     0x20002010  0x12c00  heap_2.o [1]
  .bss               zero     0x20014c10     0x64  tasks.o [1]
  .bss               zero     0x20014c74     0x40  queue.o [1]
  .bss               zero     0x20014cb4     0x14  tasks.o [1]
  .bss               zero     0x20014cc8     0x14  tasks.o [1]
  .bss               zero     0x20014cdc     0x14  tasks.o [1]
  .bss               zero     0x20014cf0     0x14  tasks.o [1]
  .bss               zero     0x20014d04     0x14  tasks.o [1]
  .bss               zero     0x20014d18     0x14  timers.o [1]
  .bss               zero     0x20014d2c     0x14  timers.o [1]
  .bss               zero     0x20014d40      0x8  heap_2.o [1]
  .bss               zero     0x20014d48      0x8  heap_2.o [1]
  .bss               zero     0x20014d50      0x4  heap_2.o [1]
  .bss               zero     0x20014d54      0x4  port.o [1]
  .bss               zero     0x20014d58      0x4  tasks.o [1]
  .bss               zero     0x20014d5c      0x4  tasks.o [1]
  .bss               zero     0x20014d60      0x4  tasks.o [1]
  .bss               zero     0x20014d64      0x4  tasks.o [1]
  .bss               zero     0x20014d68      0x4  tasks.o [1]
  .bss               zero     0x20014d6c      0x4  tasks.o [1]
  .bss               zero     0x20014d70      0x4  tasks.o [1]
  .bss               zero     0x20014d74      0x4  tasks.o [1]
  .bss               zero     0x20014d78      0x4  tasks.o [1]
  .bss               zero     0x20014d7c      0x4  tasks.o [1]
  .bss               zero     0x20014d80      0x4  tasks.o [1]
  .bss               zero     0x20014d84      0x4  tasks.o [1]
  .bss               zero     0x20014d88      0x4  tasks.o [1]
  .bss               zero     0x20014d8c      0x4  tasks.o [1]
  .bss               zero     0x20014d90      0x4  tasks.o [1]
  .bss               zero     0x20014d94      0x4  timers.o [1]
  .bss               zero     0x20014d98      0x4  timers.o [1]
  .bss               zero     0x20014d9c      0x4  timers.o [1]
  .bss               zero     0x20014da0      0x4  timers.o [1]
  .bss               zero     0x20014da4      0x4  timers.o [1]
  .bss               zero     0x20014da8      0x1  port.o [1]
                            - 0x20014da9  0x12d99


*******************************************************************************
*** INIT TABLE
***

          Address     Size
          -------     ----
Zero (__iar_zero_init3)
    1 destination range, total size 0x12d99:
          0x20002010  0x12d99

Copy (__iar_copy_init3)
    1 source range, total size 0xc:
          0x08002394      0xc
    1 destination range, total size 0xc:
          0x20000000      0xc



*******************************************************************************
*** MODULE SUMMARY
***

    Module                 ro code  ro data  rw data
    ------                 -------  -------  -------
D:\New_SD_Device\ОС\Урок 2\Упражнение 5\Debug\Obj: [1]
    heap_2.o                   340        6   76 824
    list.o                     158
    main.o                     180       16
    port.o                     600        8        9
    portasm.o                  168
    queue.o                  1 940                64
    startup_stm32f4xx.o        772
    stm32f4xx_gpio.o           180
    stm32f4xx_rcc.o             36
    system_stm32f4xx.o         384        4        4
    tasks.o                  3 108        8      260
    timers.o                 1 084       16       60
    ------------------------------------------------
    Total:                   8 950       58   77 221

command line: [2]
    ------------------------------------------------
    Total:

dl7M_tln.a: [3]
    exit.o                       4
    low_level_init.o             4
    ------------------------------------------------
    Total:                       8

m7M_tls.a: [4]
    fpinit_M.o                  34
    ------------------------------------------------
    Total:                      34

rt7M_tl.a: [5]
    ABImemcpy_unaligned.o      118
    ABImemset.o                102
    cexit.o                     10
    cmain.o                     26
    copy_init3.o                44
    cstartup_M.o                12
    data_init.o                 40
    zero_init3.o                64
    ------------------------------------------------
    Total:                     416

shb_l.a: [6]
    exit.o                      20
    ------------------------------------------------
    Total:                      20

    Gaps                         4        2
    Linker created                       36    8 192
----------------------------------------------------
    Grand Total:             9 432       96   85 413


*******************************************************************************
*** ENTRY LIST
***

Entry                      Address     Size  Type      Object
-----                      -------     ----  ----      ------
.iar.init_table$$Base   0x08002310            --   Gb  - Linker created -
.iar.init_table$$Limit  0x08002334            --   Gb  - Linker created -
?main                   0x08002335           Code  Gb  cmain.o [5]
CSTACK$$Base            0x20000010            --   Gb  - Linker created -
CSTACK$$Limit           0x20002010            --   Gb  - Linker created -
GPIO_Init               0x080021a5     0xaa  Code  Gb  stm32f4xx_gpio.o [1]
GPIO_ToggleBits         0x0800224f      0xa  Code  Gb  stm32f4xx_gpio.o [1]
PendSV_Handler          0x08001699           Code  Gb  portasm.o [1]
RCC_AHB1PeriphClockCmd  0x08002181     0x1e  Code  Gb  stm32f4xx_rcc.o [1]
Region$$Table$$Base     0x08002310            --   Gb  - Linker created -
Region$$Table$$Limit    0x08002334            --   Gb  - Linker created -
SVC_Handler             0x080016f1           Code  Gb  portasm.o [1]
SetSysClock             0x08001f9f     0xf6  Code  Lc  system_stm32f4xx.o [1]
SysTick_Handler         0x0800118f     0x28  Code  Gb  port.o [1]
SystemCoreClock         0x20000008      0x4  Data  Gb  system_stm32f4xx.o [1]
SystemInit              0x08001f4d     0x52  Code  Gb  system_stm32f4xx.o [1]
__aeabi_memset          0x08000f01           Code  Gb  ABImemset.o [5]
__cmain                 0x08002335           Code  Gb  cmain.o [5]
__exit                  0x08002365     0x14  Code  Gb  exit.o [6]
__iar_Memset            0x08000f01           Code  Gb  ABImemset.o [5]
__iar_Memset_word       0x08000f09           Code  Gb  ABImemset.o [5]
__iar_copy_init3        0x08002299     0x2c  Code  Gb  copy_init3.o [5]
__iar_data_init3        0x080022c5     0x28  Code  Gb  data_init.o [5]
__iar_init_vfp          0x080022ed           Code  Gb  fpinit_M.o [4]
__iar_program_start     0x08002389           Code  Gb  cstartup_M.o [5]
__iar_unaligned___aeabi_memcpy
                        0x08001ed5           Code  Gb  ABImemcpy_unaligned.o [5]
__iar_unaligned___aeabi_memcpy4
                        0x08001ef5           Code  Gb  ABImemcpy_unaligned.o [5]
__iar_unaligned___aeabi_memcpy8
                        0x08001ef5           Code  Gb  ABImemcpy_unaligned.o [5]
__iar_zero_init3        0x08002259     0x40  Code  Gb  zero_init3.o [5]
__low_level_init        0x0800234f      0x4  Code  Gb  low_level_init.o [3]
__vector_table          0x08000000           Data  Gb  startup_stm32f4xx.o [1]
_call_main              0x08002341           Code  Gb  cmain.o [5]
_exit                   0x08002359           Code  Gb  cexit.o [5]
_main                   0x0800234b           Code  Gb  cmain.o [5]
exit                    0x08002353      0x4  Code  Gb  exit.o [3]
heapSTRUCT_SIZE         0x08001f4a      0x2  Data  Lc  heap_2.o [1]
init_LED                0x080020cd     0x34  Code  Gb  main.o [1]
main                    0x08002149     0x24  Code  Gb  main.o [1]
pcInterruptPriorityRegisters
                        0x080023c8      0x4  Data  Lc  port.o [1]
prvAddCurrentTaskToDelayedList
                        0x08000ce9     0x82  Code  Lc  tasks.o [1]
prvAddNewTaskToReadyList
                        0x080002e9     0xc0  Code  Lc  tasks.o [1]
prvCheckForValidListAndQueue
                        0x08001623     0x4c  Code  Lc  timers.o [1]
prvCheckTasksWaitingTermination
                        0x08000a7b     0x66  Code  Lc  tasks.o [1]
prvCopyDataFromQueue    0x08001d79     0x30  Code  Lc  queue.o [1]
prvCopyDataToQueue      0x08001cdf     0x9a  Code  Lc  queue.o [1]
prvDeleteTCB            0x08000ae1     0x12  Code  Lc  tasks.o [1]
prvGetNextExpireTime    0x0800140f     0x2e  Code  Lc  timers.o [1]
prvHeapInit             0x08000ebb     0x2a  Code  Lc  heap_2.o [1]
prvIdleTask             0x080009ed     0x2a  Code  Lc  tasks.o [1]
prvInitialiseNewQueue   0x0800182d     0x36  Code  Lc  queue.o [1]
prvInitialiseNewTask    0x0800020d     0xdc  Code  Lc  tasks.o [1]
prvInitialiseTaskLists  0x08000a21     0x5a  Code  Lc  tasks.o [1]
prvInsertTimerInActiveList
                        0x08001465     0x50  Code  Lc  timers.o [1]
prvIsQueueEmpty         0x08001e17     0x20  Code  Lc  queue.o [1]
prvIsQueueFull          0x08001e37     0x22  Code  Lc  queue.o [1]
prvProcessExpiredTimer  0x08001329     0x5c  Code  Lc  timers.o [1]
prvProcessReceivedCommands
                        0x080014b5     0xde  Code  Lc  timers.o [1]
prvProcessTimerOrBlockTask
                        0x0800139f     0x70  Code  Lc  timers.o [1]
prvResetNextTaskUnblockTime
                        0x08000af3     0x2a  Code  Lc  tasks.o [1]
prvSampleTimeNow        0x0800143d     0x28  Code  Lc  timers.o [1]
prvSwitchTimerLists     0x08001593     0x90  Code  Lc  timers.o [1]
prvTaskExitError        0x0800102d     0x2a  Code  Lc  port.o [1]
prvTimerTask            0x08001385     0x1a  Code  Lc  timers.o [1]
prvUnlockQueue          0x08001da9     0x6e  Code  Lc  queue.o [1]
pvPortMalloc            0x08000daf     0xca  Code  Gb  heap_2.o [1]
pvTaskIncrementMutexHeldCount
                        0x08000ca9     0x1e  Code  Gb  tasks.o [1]
pxCurrentTCB            0x20014d58      0x4  Data  Gb  tasks.o [1]
pxCurrentTimerList      0x20014d94      0x4  Data  Lc  timers.o [1]
pxDelayedTaskList       0x20014d5c      0x4  Data  Lc  tasks.o [1]
pxOverflowDelayedTaskList
                        0x20014d60      0x4  Data  Lc  tasks.o [1]
pxOverflowTimerList     0x20014d98      0x4  Data  Lc  timers.o [1]
pxPortInitialiseStack   0x08001005     0x28  Code  Gb  port.o [1]
pxReadyTasksLists       0x20014c10     0x64  Data  Lc  tasks.o [1]
ucHeap                  0x20002010  0x12c00  Data  Lc  heap_2.o [1]
ucMaxSysCallPriority    0x20014da8      0x1  Data  Lc  port.o [1]
ulMaxPRIGROUPValue      0x20014d54      0x4  Data  Lc  port.o [1]
uxCriticalNesting       0x20000004      0x4  Data  Lc  port.o [1]
uxCurrentNumberOfTasks  0x20014d68      0x4  Data  Lc  tasks.o [1]
uxDeletedTasksWaitingCleanUp
                        0x20014d64      0x4  Data  Lc  tasks.o [1]
uxListRemove            0x08000fdd     0x28  Code  Gb  list.o [1]
uxPendedTicks           0x20014d78      0x4  Data  Lc  tasks.o [1]
uxSchedulerSuspended    0x20014d90      0x4  Data  Lc  tasks.o [1]
uxTaskNumber            0x20014d84      0x4  Data  Lc  tasks.o [1]
uxTopReadyPriority      0x20014d70      0x4  Data  Lc  tasks.o [1]
vApplicationIdleHook    0x080009e9      0x2  Code  Gb  tasks.o [1]
vApplicationMallocFailedHook
                        0x08000dad      0x2  Code  Gb  heap_2.o [1]
vListInitialise         0x08000f67     0x1e  Code  Gb  list.o [1]
vListInitialiseItem     0x08000f85      0x6  Code  Gb  list.o [1]
vListInsert             0x08000fa3     0x3a  Code  Gb  list.o [1]
vListInsertEnd          0x08000f8b     0x18  Code  Gb  list.o [1]
vPortEnableVFP          0x08001725           Code  Gb  portasm.o [1]
vPortEnterCritical      0x08001123     0x3a  Code  Gb  port.o [1]
vPortExitCritical       0x0800115d     0x32  Code  Gb  port.o [1]
vPortFree               0x08000e79     0x42  Code  Gb  heap_2.o [1]
vPortSetupTimerInterrupt
                        0x080011b7     0x1a  Code  Wk  port.o [1]
vPortStartFirstTask     0x0800170d           Code  Gb  portasm.o [1]
vPortValidateInterruptPriority
                        0x080011d1     0x4e  Code  Gb  port.o [1]
vQueueAddToRegistry     0x08001e59     0x28  Code  Gb  queue.o [1]
vQueueWaitForMessageRestricted
                        0x08001e89     0x4c  Code  Gb  queue.o [1]
vTask1                  0x08002117     0x32  Code  Gb  main.o [1]
vTask2                  0x08002101     0x16  Code  Gb  main.o [1]
vTaskDelay              0x0800048d     0x4e  Code  Gb  tasks.o [1]
vTaskDelete             0x080003a9     0xe4  Code  Gb  tasks.o [1]
vTaskMissedYield        0x080009db      0xa  Code  Gb  tasks.o [1]
vTaskPlaceOnEventList   0x08000801     0x34  Code  Gb  tasks.o [1]
vTaskPlaceOnEventListRestricted
                        0x08000841     0x40  Code  Gb  tasks.o [1]
vTaskPriorityInherit    0x08000b43     0xac  Code  Gb  tasks.o [1]
vTaskSetTimeOutState    0x08000925     0x26  Code  Gb  tasks.o [1]
vTaskStartScheduler     0x080004db     0x72  Code  Gb  tasks.o [1]
vTaskSuspendAll         0x0800054d     0x10  Code  Gb  tasks.o [1]
vTaskSwitchContext      0x08000791     0x70  Code  Gb  tasks.o [1]
xActiveTimerList1       0x20014d18     0x14  Data  Lc  timers.o [1]
xActiveTimerList2       0x20014d2c     0x14  Data  Lc  timers.o [1]
xDelayedTaskList1       0x20014cb4     0x14  Data  Lc  tasks.o [1]
xDelayedTaskList2       0x20014cc8     0x14  Data  Lc  tasks.o [1]
xEnd                    0x20014d48      0x8  Data  Lc  heap_2.o [1]
xFreeBytesRemaining     0x20000000      0x4  Data  Lc  heap_2.o [1]
xIdleTaskHandle         0x20014d8c      0x4  Data  Lc  tasks.o [1]
xNextTaskUnblockTime    0x20014d88      0x4  Data  Lc  tasks.o [1]
xNumOfOverflows         0x20014d80      0x4  Data  Lc  tasks.o [1]
xPendingReadyList       0x20014cdc     0x14  Data  Lc  tasks.o [1]
xPortStartScheduler     0x08001057     0xcc  Code  Gb  port.o [1]
xQueueGenericCreate     0x080017d5     0x58  Code  Gb  queue.o [1]
xQueueGenericReceive    0x08001b03    0x1dc  Code  Gb  queue.o [1]
xQueueGenericReset      0x08001741     0x94  Code  Gb  queue.o [1]
xQueueGenericSend       0x08001863    0x1b2  Code  Gb  queue.o [1]
xQueueGenericSendFromISR
                        0x08001a15     0xee  Code  Gb  queue.o [1]
xQueueRegistry          0x20014c74     0x40  Data  Gb  queue.o [1]
xSchedulerRunning       0x20014d74      0x4  Data  Lc  tasks.o [1]
xStart                  0x20014d40      0x8  Data  Lc  heap_2.o [1]
xSuspendedTaskList      0x20014d04     0x14  Data  Lc  tasks.o [1]
xTaskCheckForTimeOut    0x08000951     0x8a  Code  Gb  tasks.o [1]
xTaskCreate             0x08000189     0x84  Code  Gb  tasks.o [1]
xTaskGetSchedulerState  0x08000b1d     0x26  Code  Gb  tasks.o [1]
xTaskGetTickCount       0x0800065b      0xa  Code  Gb  tasks.o [1]
xTaskIncrementTick      0x08000665    0x12c  Code  Gb  tasks.o [1]
xTaskPriorityDisinherit
                        0x08000bef     0xba  Code  Gb  tasks.o [1]
xTaskRemoveFromEventList
                        0x0800088d     0x8c  Code  Gb  tasks.o [1]
xTaskResumeAll          0x0800055d     0xfe  Code  Gb  tasks.o [1]
xTasksWaitingTermination
                        0x20014cf0     0x14  Data  Lc  tasks.o [1]
xTickCount              0x20014d6c      0x4  Data  Lc  tasks.o [1]
xTimerCreateTimerTask   0x0800125d     0x48  Code  Gb  timers.o [1]
xTimerGenericCommand    0x080012a5     0x84  Code  Gb  timers.o [1]
xTimerQueue             0x20014d9c      0x4  Data  Lc  timers.o [1]
xTimerTaskHandle        0x20014da0      0x4  Data  Lc  timers.o [1]
xYieldPending           0x20014d7c      0x4  Data  Lc  tasks.o [1]


[1] = D:\New_SD_Device\ОС\Урок 2\Упражнение 5\Debug\Obj
[2] = command line
[3] = dl7M_tln.a
[4] = m7M_tls.a
[5] = rt7M_tl.a
[6] = shb_l.a

   9 432 bytes of readonly  code memory
      96 bytes of readonly  data memory
  85 413 bytes of readwrite data memory

Errors: none
Warnings: none
