###############################################################################
#
# IAR ELF Linker V7.50.2.10312/W32 for ARM                09/May/2017  15:56:18
# Copyright 2007-2015 IAR Systems AB.
#
#    Output file  =  D:\New_SD_Device\ОС\Упражнение 4\Debug\Exe\c.out
#    Map file     =  D:\New_SD_Device\ОС\Упражнение 4\Debug\List\c.map
#    Command line =  
#        "D:\New_SD_Device\ОС\Упражнение 4\Debug\Obj\croutine.o"
#        "D:\New_SD_Device\ОС\Упражнение 4\Debug\Obj\event_groups.o"
#        "D:\New_SD_Device\ОС\Упражнение 4\Debug\Obj\heap_1.o"
#        "D:\New_SD_Device\ОС\Упражнение 4\Debug\Obj\list.o"
#        "D:\New_SD_Device\ОС\Упражнение 4\Debug\Obj\main.o"
#        "D:\New_SD_Device\ОС\Упражнение 4\Debug\Obj\port.o"
#        "D:\New_SD_Device\ОС\Упражнение 4\Debug\Obj\portasm.o"
#        "D:\New_SD_Device\ОС\Упражнение 4\Debug\Obj\queue.o"
#        "D:\New_SD_Device\ОС\Упражнение 4\Debug\Obj\startup_stm32f4xx.o"
#        "D:\New_SD_Device\ОС\Упражнение 4\Debug\Obj\stm32f4xx_gpio.o"
#        "D:\New_SD_Device\ОС\Упражнение 4\Debug\Obj\stm32f4xx_rcc.o"
#        "D:\New_SD_Device\ОС\Упражнение 4\Debug\Obj\system_stm32f4xx.o"
#        "D:\New_SD_Device\ОС\Упражнение 4\Debug\Obj\tasks.o"
#        "D:\New_SD_Device\ОС\Упражнение 4\Debug\Obj\timers.o" -o
#        "D:\New_SD_Device\ОС\Упражнение 4\Debug\Exe\c.out" --redirect
#        _Printf=_PrintfFull --redirect _Scanf=_ScanfFull --map
#        "D:\New_SD_Device\ОС\Упражнение 4\Debug\List\c.map" --config
#        "C:\Program Files (x86)\IAR Systems\Embedded Workbench
#        7.3\arm\config\linker\ST\stm32f429xI.icf" --semihosting --entry
#        __iar_program_start --vfe
#
###############################################################################

*******************************************************************************
*** RUNTIME MODEL ATTRIBUTES
***

CppFlavor       = *
__SystemLibrary = DLib


*******************************************************************************
*** PLACEMENT SUMMARY
***

"A1":  place at 0x08000000 { ro section .intvec };
"P1":  place in [from 0x08000000 to 0x081fffff] { ro };
"P2":  place in [from 0x20000000 to 0x2002ffff] { rw, block CSTACK, block HEAP };

  Section            Kind        Address     Size  Object
  -------            ----        -------     ----  ------
"A1":                                       0x188
  .intvec            ro code  0x08000000    0x188  startup_stm32f4xx.o [1]
                            - 0x08000188    0x188

"P1":                                      0x2374
  .text              ro code  0x08000188    0xc78  tasks.o [1]
  .text              ro code  0x08000e00     0x94  heap_1.o [1]
  .text              ro code  0x08000e94     0x66  ABImemset.o [5]
  .text              ro code  0x08000efa     0x9e  list.o [1]
  .text              ro code  0x08000f98    0x258  port.o [1]
  .text              ro code  0x080011f0    0x43c  timers.o [1]
  CODE               ro code  0x0800162c     0xa8  portasm.o [1]
  .text              ro code  0x080016d4    0x794  queue.o [1]
  .text              ro code  0x08001e68     0x76  ABImemcpy_unaligned.o [5]
  .text              ro code  0x08001ee0    0x180  system_stm32f4xx.o [1]
  .text              ro code  0x08002060     0xe4  main.o [1]
  .text              ro code  0x08002144     0x24  stm32f4xx_rcc.o [1]
  .text              ro code  0x08002168     0xb8  stm32f4xx_gpio.o [1]
  .text              ro code  0x08002220     0x40  zero_init3.o [5]
  .text              ro code  0x08002260     0x2c  copy_init3.o [5]
  .text              ro code  0x0800228c     0x28  data_init.o [5]
  .text              ro code  0x080022b4     0x22  fpinit_M.o [4]
  .iar.init_table    const    0x080022d8     0x24  - Linker created -
  .text              ro code  0x080022fc     0x1a  cmain.o [5]
  .text              ro code  0x08002316      0x4  low_level_init.o [3]
  .text              ro code  0x0800231a      0x4  exit.o [3]
  .text              ro code  0x08002320      0xa  cexit.o [5]
  .text              ro code  0x0800232c     0x14  exit.o [6]
  .text              ro code  0x08002340     0x10  startup_stm32f4xx.o [1]
  .text              ro code  0x08002350      0xc  cstartup_M.o [5]
  .rodata            const    0x0800235c      0x8  main.o [1]
  .rodata            const    0x08002364      0x8  main.o [1]
  .rodata            const    0x0800236c      0x8  tasks.o [1]
  .rodata            const    0x08002374      0x8  timers.o [1]
  .rodata            const    0x0800237c      0x8  timers.o [1]
  Initializer bytes  const    0x08002384      0x8  <for P2-1>
  .rodata            const    0x0800238c      0x4  port.o [1]
  .text              ro code  0x08002390      0x4  startup_stm32f4xx.o [1]
  .text              ro code  0x08002394      0x4  startup_stm32f4xx.o [1]
  .text              ro code  0x08002398      0x4  startup_stm32f4xx.o [1]
  .text              ro code  0x0800239c      0x4  startup_stm32f4xx.o [1]
  .text              ro code  0x080023a0      0x4  startup_stm32f4xx.o [1]
  .text              ro code  0x080023a4      0x4  startup_stm32f4xx.o [1]
  .text              ro code  0x080023a8      0x4  startup_stm32f4xx.o [1]
  .text              ro code  0x080023ac      0x4  startup_stm32f4xx.o [1]
  .text              ro code  0x080023b0      0x4  startup_stm32f4xx.o [1]
  .text              ro code  0x080023b4      0x4  startup_stm32f4xx.o [1]
  .text              ro code  0x080023b8      0x4  startup_stm32f4xx.o [1]
  .text              ro code  0x080023bc      0x4  startup_stm32f4xx.o [1]
  .text              ro code  0x080023c0      0x4  startup_stm32f4xx.o [1]
  .text              ro code  0x080023c4      0x4  startup_stm32f4xx.o [1]
  .text              ro code  0x080023c8      0x4  startup_stm32f4xx.o [1]
  .text              ro code  0x080023cc      0x4  startup_stm32f4xx.o [1]
  .text              ro code  0x080023d0      0x4  startup_stm32f4xx.o [1]
  .text              ro code  0x080023d4      0x4  startup_stm32f4xx.o [1]
  .text              ro code  0x080023d8      0x4  startup_stm32f4xx.o [1]
  .text              ro code  0x080023dc      0x4  startup_stm32f4xx.o [1]
  .text              ro code  0x080023e0      0x4  startup_stm32f4xx.o [1]
  .text              ro code  0x080023e4      0x4  startup_stm32f4xx.o [1]
  .text              ro code  0x080023e8      0x4  startup_stm32f4xx.o [1]
  .text              ro code  0x080023ec      0x4  startup_stm32f4xx.o [1]
  .text              ro code  0x080023f0      0x4  startup_stm32f4xx.o [1]
  .text              ro code  0x080023f4      0x4  startup_stm32f4xx.o [1]
  .text              ro code  0x080023f8      0x4  startup_stm32f4xx.o [1]
  .text              ro code  0x080023fc      0x4  startup_stm32f4xx.o [1]
  .text              ro code  0x08002400      0x4  startup_stm32f4xx.o [1]
  .text              ro code  0x08002404      0x4  startup_stm32f4xx.o [1]
  .text              ro code  0x08002408      0x4  startup_stm32f4xx.o [1]
  .text              ro code  0x0800240c      0x4  startup_stm32f4xx.o [1]
  .text              ro code  0x08002410      0x4  startup_stm32f4xx.o [1]
  .text              ro code  0x08002414      0x4  startup_stm32f4xx.o [1]
  .text              ro code  0x08002418      0x4  startup_stm32f4xx.o [1]
  .text              ro code  0x0800241c      0x4  startup_stm32f4xx.o [1]
  .text              ro code  0x08002420      0x4  startup_stm32f4xx.o [1]
  .text              ro code  0x08002424      0x4  startup_stm32f4xx.o [1]
  .text              ro code  0x08002428      0x4  startup_stm32f4xx.o [1]
  .text              ro code  0x0800242c      0x4  startup_stm32f4xx.o [1]
  .text              ro code  0x08002430      0x4  startup_stm32f4xx.o [1]
  .text              ro code  0x08002434      0x4  startup_stm32f4xx.o [1]
  .text              ro code  0x08002438      0x4  startup_stm32f4xx.o [1]
  .text              ro code  0x0800243c      0x4  startup_stm32f4xx.o [1]
  .text              ro code  0x08002440      0x4  startup_stm32f4xx.o [1]
  .text              ro code  0x08002444      0x4  startup_stm32f4xx.o [1]
  .text              ro code  0x08002448      0x4  startup_stm32f4xx.o [1]
  .text              ro code  0x0800244c      0x4  startup_stm32f4xx.o [1]
  .text              ro code  0x08002450      0x4  startup_stm32f4xx.o [1]
  .text              ro code  0x08002454      0x4  startup_stm32f4xx.o [1]
  .text              ro code  0x08002458      0x4  startup_stm32f4xx.o [1]
  .text              ro code  0x0800245c      0x4  startup_stm32f4xx.o [1]
  .text              ro code  0x08002460      0x4  startup_stm32f4xx.o [1]
  .text              ro code  0x08002464      0x4  startup_stm32f4xx.o [1]
  .text              ro code  0x08002468      0x4  startup_stm32f4xx.o [1]
  .text              ro code  0x0800246c      0x4  startup_stm32f4xx.o [1]
  .text              ro code  0x08002470      0x4  startup_stm32f4xx.o [1]
  .text              ro code  0x08002474      0x4  startup_stm32f4xx.o [1]
  .text              ro code  0x08002478      0x4  startup_stm32f4xx.o [1]
  .text              ro code  0x0800247c      0x4  startup_stm32f4xx.o [1]
  .text              ro code  0x08002480      0x4  startup_stm32f4xx.o [1]
  .text              ro code  0x08002484      0x4  startup_stm32f4xx.o [1]
  .text              ro code  0x08002488      0x4  startup_stm32f4xx.o [1]
  .text              ro code  0x0800248c      0x4  startup_stm32f4xx.o [1]
  .text              ro code  0x08002490      0x4  startup_stm32f4xx.o [1]
  .text              ro code  0x08002494      0x4  startup_stm32f4xx.o [1]
  .text              ro code  0x08002498      0x4  startup_stm32f4xx.o [1]
  .text              ro code  0x0800249c      0x4  startup_stm32f4xx.o [1]
  .text              ro code  0x080024a0      0x4  startup_stm32f4xx.o [1]
  .text              ro code  0x080024a4      0x4  startup_stm32f4xx.o [1]
  .text              ro code  0x080024a8      0x4  startup_stm32f4xx.o [1]
  .text              ro code  0x080024ac      0x4  startup_stm32f4xx.o [1]
  .text              ro code  0x080024b0      0x4  startup_stm32f4xx.o [1]
  .text              ro code  0x080024b4      0x4  startup_stm32f4xx.o [1]
  .text              ro code  0x080024b8      0x4  startup_stm32f4xx.o [1]
  .text              ro code  0x080024bc      0x4  startup_stm32f4xx.o [1]
  .text              ro code  0x080024c0      0x4  startup_stm32f4xx.o [1]
  .text              ro code  0x080024c4      0x4  startup_stm32f4xx.o [1]
  .text              ro code  0x080024c8      0x4  startup_stm32f4xx.o [1]
  .text              ro code  0x080024cc      0x4  startup_stm32f4xx.o [1]
  .text              ro code  0x080024d0      0x4  startup_stm32f4xx.o [1]
  .text              ro code  0x080024d4      0x4  startup_stm32f4xx.o [1]
  .text              ro code  0x080024d8      0x4  startup_stm32f4xx.o [1]
  .text              ro code  0x080024dc      0x4  startup_stm32f4xx.o [1]
  .text              ro code  0x080024e0      0x4  startup_stm32f4xx.o [1]
  .text              ro code  0x080024e4      0x4  startup_stm32f4xx.o [1]
  .text              ro code  0x080024e8      0x4  startup_stm32f4xx.o [1]
  .text              ro code  0x080024ec      0x4  startup_stm32f4xx.o [1]
  .text              ro code  0x080024f0      0x4  startup_stm32f4xx.o [1]
  .text              ro code  0x080024f4      0x4  startup_stm32f4xx.o [1]
  .text              ro code  0x080024f8      0x4  startup_stm32f4xx.o [1]
  .rodata            const    0x080024fc      0x0  zero_init3.o [5]
  .rodata            const    0x080024fc      0x0  copy_init3.o [5]
                            - 0x080024fc   0x2374

"P2", part 1 of 3:                            0x8
  P2-1                        0x20000000      0x8  <Init block>
    .data            inited   0x20000000      0x4  port.o [1]
    .data            inited   0x20000004      0x4  system_stm32f4xx.o [1]
                            - 0x20000008      0x8

"P2", part 2 of 3:                         0x2000
  CSTACK                      0x20000008   0x2000  <Block>
    CSTACK           uninit   0x20000008   0x2000  <Block tail>
                            - 0x20002008   0x2000

"P2", part 3 of 3:                        0x12d94
  .bss               zero     0x20002008  0x12c00  heap_1.o [1]
  .bss               zero     0x20014c08     0x64  tasks.o [1]
  .bss               zero     0x20014c6c     0x40  queue.o [1]
  .bss               zero     0x20014cac     0x14  tasks.o [1]
  .bss               zero     0x20014cc0     0x14  tasks.o [1]
  .bss               zero     0x20014cd4     0x14  tasks.o [1]
  .bss               zero     0x20014ce8     0x14  tasks.o [1]
  .bss               zero     0x20014cfc     0x14  tasks.o [1]
  .bss               zero     0x20014d10     0x14  timers.o [1]
  .bss               zero     0x20014d24     0x14  timers.o [1]
  .bss               zero     0x20014d38      0x4  heap_1.o [1]
  .bss               zero     0x20014d3c      0x4  heap_1.o [1]
  .bss               zero     0x20014d40      0x4  main.o [1]
  .bss               zero     0x20014d44      0x4  port.o [1]
  .bss               zero     0x20014d48      0x4  tasks.o [1]
  .bss               zero     0x20014d4c      0x4  tasks.o [1]
  .bss               zero     0x20014d50      0x4  tasks.o [1]
  .bss               zero     0x20014d54      0x4  tasks.o [1]
  .bss               zero     0x20014d58      0x4  tasks.o [1]
  .bss               zero     0x20014d5c      0x4  tasks.o [1]
  .bss               zero     0x20014d60      0x4  tasks.o [1]
  .bss               zero     0x20014d64      0x4  tasks.o [1]
  .bss               zero     0x20014d68      0x4  tasks.o [1]
  .bss               zero     0x20014d6c      0x4  tasks.o [1]
  .bss               zero     0x20014d70      0x4  tasks.o [1]
  .bss               zero     0x20014d74      0x4  tasks.o [1]
  .bss               zero     0x20014d78      0x4  tasks.o [1]
  .bss               zero     0x20014d7c      0x4  tasks.o [1]
  .bss               zero     0x20014d80      0x4  tasks.o [1]
  .bss               zero     0x20014d84      0x4  timers.o [1]
  .bss               zero     0x20014d88      0x4  timers.o [1]
  .bss               zero     0x20014d8c      0x4  timers.o [1]
  .bss               zero     0x20014d90      0x4  timers.o [1]
  .bss               zero     0x20014d94      0x4  timers.o [1]
  .bss               zero     0x20014d98      0x1  port.o [1]
                            - 0x20014d99  0x12d91


*******************************************************************************
*** INIT TABLE
***

          Address     Size
          -------     ----
Zero (__iar_zero_init3)
    1 destination range, total size 0x12d91:
          0x20002008  0x12d91

Copy (__iar_copy_init3)
    1 source range, total size 0x8:
          0x08002384      0x8
    1 destination range, total size 0x8:
          0x20000000      0x8



*******************************************************************************
*** MODULE SUMMARY
***

    Module                 ro code  ro data  rw data
    ------                 -------  -------  -------
D:\New_SD_Device\ОС\Упражнение 4\Debug\Obj: [1]
    heap_1.o                   148            76 808
    list.o                     158
    main.o                     228       16        4
    port.o                     600        8        9
    portasm.o                  168
    queue.o                  1 940                64
    startup_stm32f4xx.o        772
    stm32f4xx_gpio.o           184
    stm32f4xx_rcc.o             36
    system_stm32f4xx.o         384        4        4
    tasks.o                  3 192        8      260
    timers.o                 1 084       16       60
    ------------------------------------------------
    Total:                   8 894       52   77 209

command line: [2]
    ------------------------------------------------
    Total:

dl7M_tln.a: [3]
    exit.o                       4
    low_level_init.o             4
    ------------------------------------------------
    Total:                       8

m7M_tls.a: [4]
    fpinit_M.o                  34
    ------------------------------------------------
    Total:                      34

rt7M_tl.a: [5]
    ABImemcpy_unaligned.o      118
    ABImemset.o                102
    cexit.o                     10
    cmain.o                     26
    copy_init3.o                44
    cstartup_M.o                12
    data_init.o                 40
    zero_init3.o                64
    ------------------------------------------------
    Total:                     416

shb_l.a: [6]
    exit.o                      20
    ------------------------------------------------
    Total:                      20

    Gaps                         6        2
    Linker created                       36    8 192
----------------------------------------------------
    Grand Total:             9 378       90   85 401


*******************************************************************************
*** ENTRY LIST
***

Entry                      Address     Size  Type      Object
-----                      -------     ----  ----      ------
.iar.init_table$$Base   0x080022d8            --   Gb  - Linker created -
.iar.init_table$$Limit  0x080022fc            --   Gb  - Linker created -
?main                   0x080022fd           Code  Gb  cmain.o [5]
CSTACK$$Base            0x20000008            --   Gb  - Linker created -
CSTACK$$Limit           0x20002008            --   Gb  - Linker created -
GPIO_Init               0x08002169     0xaa  Code  Gb  stm32f4xx_gpio.o [1]
GPIO_ResetBits          0x08002213      0x4  Code  Gb  stm32f4xx_gpio.o [1]
GPIO_ToggleBits         0x08002217      0xa  Code  Gb  stm32f4xx_gpio.o [1]
PendSV_Handler          0x0800162d           Code  Gb  portasm.o [1]
RCC_AHB1PeriphClockCmd  0x08002145     0x1e  Code  Gb  stm32f4xx_rcc.o [1]
Region$$Table$$Base     0x080022d8            --   Gb  - Linker created -
Region$$Table$$Limit    0x080022fc            --   Gb  - Linker created -
SVC_Handler             0x08001685           Code  Gb  portasm.o [1]
SetSysClock             0x08001f33     0xf6  Code  Lc  system_stm32f4xx.o [1]
SysTick_Handler         0x08001123     0x28  Code  Gb  port.o [1]
SystemCoreClock         0x20000004      0x4  Data  Gb  system_stm32f4xx.o [1]
SystemInit              0x08001ee1     0x52  Code  Gb  system_stm32f4xx.o [1]
__aeabi_memset          0x08000e95           Code  Gb  ABImemset.o [5]
__cmain                 0x080022fd           Code  Gb  cmain.o [5]
__exit                  0x0800232d     0x14  Code  Gb  exit.o [6]
__iar_Memset            0x08000e95           Code  Gb  ABImemset.o [5]
__iar_Memset_word       0x08000e9d           Code  Gb  ABImemset.o [5]
__iar_copy_init3        0x08002261     0x2c  Code  Gb  copy_init3.o [5]
__iar_data_init3        0x0800228d     0x28  Code  Gb  data_init.o [5]
__iar_init_vfp          0x080022b5           Code  Gb  fpinit_M.o [4]
__iar_program_start     0x08002351           Code  Gb  cstartup_M.o [5]
__iar_unaligned___aeabi_memcpy
                        0x08001e69           Code  Gb  ABImemcpy_unaligned.o [5]
__iar_unaligned___aeabi_memcpy4
                        0x08001e89           Code  Gb  ABImemcpy_unaligned.o [5]
__iar_unaligned___aeabi_memcpy8
                        0x08001e89           Code  Gb  ABImemcpy_unaligned.o [5]
__iar_zero_init3        0x08002221     0x40  Code  Gb  zero_init3.o [5]
__low_level_init        0x08002317      0x4  Code  Gb  low_level_init.o [3]
__vector_table          0x08000000           Data  Gb  startup_stm32f4xx.o [1]
_call_main              0x08002309           Code  Gb  cmain.o [5]
_exit                   0x08002321           Code  Gb  cexit.o [5]
_main                   0x08002313           Code  Gb  cmain.o [5]
exit                    0x0800231b      0x4  Code  Gb  exit.o [3]
init_LED                0x08002061     0x34  Code  Gb  main.o [1]
main                    0x080020f7     0x36  Code  Gb  main.o [1]
pcInterruptPriorityRegisters
                        0x0800238c      0x4  Data  Lc  port.o [1]
prvAddCurrentTaskToDelayedList
                        0x08000d3d     0x82  Code  Lc  tasks.o [1]
prvAddNewTaskToReadyList
                        0x080002e9     0xc0  Code  Lc  tasks.o [1]
prvCheckForValidListAndQueue
                        0x080015b7     0x4c  Code  Lc  timers.o [1]
prvCheckTasksWaitingTermination
                        0x08000acb     0x66  Code  Lc  tasks.o [1]
prvCopyDataFromQueue    0x08001d0d     0x30  Code  Lc  queue.o [1]
prvCopyDataToQueue      0x08001c73     0x9a  Code  Lc  queue.o [1]
prvDeleteTCB            0x08000b31     0x12  Code  Lc  tasks.o [1]
prvGetNextExpireTime    0x080013a3     0x2e  Code  Lc  timers.o [1]
prvIdleTask             0x08000a3d     0x2a  Code  Lc  tasks.o [1]
prvInitialiseNewQueue   0x080017c1     0x36  Code  Lc  queue.o [1]
prvInitialiseNewTask    0x0800020d     0xdc  Code  Lc  tasks.o [1]
prvInitialiseTaskLists  0x08000a71     0x5a  Code  Lc  tasks.o [1]
prvInsertTimerInActiveList
                        0x080013f9     0x50  Code  Lc  timers.o [1]
prvIsQueueEmpty         0x08001dab     0x20  Code  Lc  queue.o [1]
prvIsQueueFull          0x08001dcb     0x22  Code  Lc  queue.o [1]
prvProcessExpiredTimer  0x080012bd     0x5c  Code  Lc  timers.o [1]
prvProcessReceivedCommands
                        0x08001449     0xde  Code  Lc  timers.o [1]
prvProcessTimerOrBlockTask
                        0x08001333     0x70  Code  Lc  timers.o [1]
prvResetNextTaskUnblockTime
                        0x08000b43     0x2a  Code  Lc  tasks.o [1]
prvSampleTimeNow        0x080013d1     0x28  Code  Lc  timers.o [1]
prvSwitchTimerLists     0x08001527     0x90  Code  Lc  timers.o [1]
prvTaskExitError        0x08000fc1     0x2a  Code  Lc  port.o [1]
prvTimerTask            0x08001319     0x1a  Code  Lc  timers.o [1]
prvUnlockQueue          0x08001d3d     0x6e  Code  Lc  queue.o [1]
pvPortMalloc            0x08000e03     0x6c  Code  Gb  heap_1.o [1]
pvTaskIncrementMutexHeldCount
                        0x08000cff     0x1e  Code  Gb  tasks.o [1]
pxCurrentTCB            0x20014d48      0x4  Data  Gb  tasks.o [1]
pxCurrentTimerList      0x20014d84      0x4  Data  Lc  timers.o [1]
pxDelayedTaskList       0x20014d4c      0x4  Data  Lc  tasks.o [1]
pxOverflowDelayedTaskList
                        0x20014d50      0x4  Data  Lc  tasks.o [1]
pxOverflowTimerList     0x20014d88      0x4  Data  Lc  timers.o [1]
pxPortInitialiseStack   0x08000f99     0x28  Code  Gb  port.o [1]
pxReadyTasksLists       0x20014c08     0x64  Data  Lc  tasks.o [1]
ucHeap                  0x20002008  0x12c00  Data  Lc  heap_1.o [1]
ucMaxSysCallPriority    0x20014d98      0x1  Data  Lc  port.o [1]
ulMaxPRIGROUPValue      0x20014d44      0x4  Data  Lc  port.o [1]
uxCriticalNesting       0x20000000      0x4  Data  Lc  port.o [1]
uxCurrentNumberOfTasks  0x20014d58      0x4  Data  Lc  tasks.o [1]
uxDeletedTasksWaitingCleanUp
                        0x20014d54      0x4  Data  Lc  tasks.o [1]
uxListRemove            0x08000f71     0x28  Code  Gb  list.o [1]
uxPendedTicks           0x20014d68      0x4  Data  Lc  tasks.o [1]
uxSchedulerSuspended    0x20014d80      0x4  Data  Lc  tasks.o [1]
uxTaskNumber            0x20014d74      0x4  Data  Lc  tasks.o [1]
uxTaskPriorityGet       0x080003f7     0x22  Code  Gb  tasks.o [1]
uxTopReadyPriority      0x20014d60      0x4  Data  Lc  tasks.o [1]
vApplicationIdleHook    0x08000a39      0x2  Code  Gb  tasks.o [1]
vApplicationMallocFailedHook
                        0x08000e01      0x2  Code  Gb  heap_1.o [1]
vListInitialise         0x08000efb     0x1e  Code  Gb  list.o [1]
vListInitialiseItem     0x08000f19      0x6  Code  Gb  list.o [1]
vListInsert             0x08000f37     0x3a  Code  Gb  list.o [1]
vListInsertEnd          0x08000f1f     0x18  Code  Gb  list.o [1]
vPortEnableVFP          0x080016b9           Code  Gb  portasm.o [1]
vPortEnterCritical      0x080010b7     0x3a  Code  Gb  port.o [1]
vPortExitCritical       0x080010f1     0x32  Code  Gb  port.o [1]
vPortFree               0x08000e6f     0x16  Code  Gb  heap_1.o [1]
vPortSetupTimerInterrupt
                        0x0800114b     0x1a  Code  Wk  port.o [1]
vPortStartFirstTask     0x080016a1           Code  Gb  portasm.o [1]
vPortValidateInterruptPriority
                        0x08001165     0x4e  Code  Gb  port.o [1]
vQueueAddToRegistry     0x08001ded     0x28  Code  Gb  queue.o [1]
vQueueWaitForMessageRestricted
                        0x08001e1d     0x4c  Code  Gb  queue.o [1]
vTask1                  0x08002095     0x32  Code  Gb  main.o [1]
vTask2                  0x080020c7     0x30  Code  Gb  main.o [1]
vTaskDelay              0x080003a9     0x4e  Code  Gb  tasks.o [1]
vTaskMissedYield        0x08000a2b      0xa  Code  Gb  tasks.o [1]
vTaskPlaceOnEventList   0x08000859     0x34  Code  Gb  tasks.o [1]
vTaskPlaceOnEventListRestricted
                        0x08000899     0x40  Code  Gb  tasks.o [1]
vTaskPriorityInherit    0x08000b99     0xac  Code  Gb  tasks.o [1]
vTaskPrioritySet        0x08000419    0x11a  Code  Gb  tasks.o [1]
vTaskSetTimeOutState    0x08000975     0x26  Code  Gb  tasks.o [1]
vTaskStartScheduler     0x08000533     0x72  Code  Gb  tasks.o [1]
vTaskSuspendAll         0x080005a5     0x10  Code  Gb  tasks.o [1]
vTaskSwitchContext      0x080007e9     0x70  Code  Gb  tasks.o [1]
xActiveTimerList1       0x20014d10     0x14  Data  Lc  timers.o [1]
xActiveTimerList2       0x20014d24     0x14  Data  Lc  timers.o [1]
xDelayedTaskList1       0x20014cac     0x14  Data  Lc  tasks.o [1]
xDelayedTaskList2       0x20014cc0     0x14  Data  Lc  tasks.o [1]
xIdleTaskHandle         0x20014d7c      0x4  Data  Lc  tasks.o [1]
xNextFreeByte           0x20014d38      0x4  Data  Lc  heap_1.o [1]
xNextTaskUnblockTime    0x20014d78      0x4  Data  Lc  tasks.o [1]
xNumOfOverflows         0x20014d70      0x4  Data  Lc  tasks.o [1]
xPendingReadyList       0x20014cd4     0x14  Data  Lc  tasks.o [1]
xPortStartScheduler     0x08000feb     0xcc  Code  Gb  port.o [1]
xQueueGenericCreate     0x08001769     0x58  Code  Gb  queue.o [1]
xQueueGenericReceive    0x08001a97    0x1dc  Code  Gb  queue.o [1]
xQueueGenericReset      0x080016d5     0x94  Code  Gb  queue.o [1]
xQueueGenericSend       0x080017f7    0x1b2  Code  Gb  queue.o [1]
xQueueGenericSendFromISR
                        0x080019a9     0xee  Code  Gb  queue.o [1]
xQueueRegistry          0x20014c6c     0x40  Data  Gb  queue.o [1]
xSchedulerRunning       0x20014d64      0x4  Data  Lc  tasks.o [1]
xSuspendedTaskList      0x20014cfc     0x14  Data  Lc  tasks.o [1]
xTask2Handle            0x20014d40      0x4  Data  Gb  main.o [1]
xTaskCheckForTimeOut    0x080009a1     0x8a  Code  Gb  tasks.o [1]
xTaskCreate             0x08000189     0x84  Code  Gb  tasks.o [1]
xTaskGetSchedulerState  0x08000b6d     0x26  Code  Gb  tasks.o [1]
xTaskGetTickCount       0x080006b3      0xa  Code  Gb  tasks.o [1]
xTaskIncrementTick      0x080006bd    0x12c  Code  Gb  tasks.o [1]
xTaskPriorityDisinherit
                        0x08000c45     0xba  Code  Gb  tasks.o [1]
xTaskRemoveFromEventList
                        0x080008e5     0x8c  Code  Gb  tasks.o [1]
xTaskResumeAll          0x080005b5     0xfe  Code  Gb  tasks.o [1]
xTasksWaitingTermination
                        0x20014ce8     0x14  Data  Lc  tasks.o [1]
xTickCount              0x20014d5c      0x4  Data  Lc  tasks.o [1]
xTimerCreateTimerTask   0x080011f1     0x48  Code  Gb  timers.o [1]
xTimerGenericCommand    0x08001239     0x84  Code  Gb  timers.o [1]
xTimerQueue             0x20014d8c      0x4  Data  Lc  timers.o [1]
xTimerTaskHandle        0x20014d90      0x4  Data  Lc  timers.o [1]
xYieldPending           0x20014d6c      0x4  Data  Lc  tasks.o [1]


[1] = D:\New_SD_Device\ОС\Упражнение 4\Debug\Obj
[2] = command line
[3] = dl7M_tln.a
[4] = m7M_tls.a
[5] = rt7M_tl.a
[6] = shb_l.a

   9 378 bytes of readonly  code memory
      90 bytes of readonly  data memory
  85 401 bytes of readwrite data memory

Errors: none
Warnings: none
