###############################################################################
#
# IAR ELF Linker V8.11.2.13589/W32 for ARM                27/Jul/2017  19:41:50
# Copyright 2007-2017 IAR Systems AB.
#
#    Output file  =  
#        D:\Домашние проекты\New_SD_Device\ОС\Урок
#        4\Двоичный семафор_рабочий\Debug\Exe\c.out
#    Map file     =  
#        D:\Домашние проекты\New_SD_Device\ОС\Урок
#        4\Двоичный семафор_рабочий\Debug\List\c.map
#    Command line =  
#        -f C:\Users\D683~1\AppData\Local\Temp\EW2EE3.tmp ("D:\Домашние
#        проекты\New_SD_Device\ОС\Урок 4\Двоичный
#        семафор_рабочий\Debug\Obj\croutine.o"
#        "D:\Домашние проекты\New_SD_Device\ОС\Урок
#        4\Двоичный
#        семафор_рабочий\Debug\Obj\event_groups.o"
#        "D:\Домашние проекты\New_SD_Device\ОС\Урок
#        4\Двоичный семафор_рабочий\Debug\Obj\heap_2.o"
#        "D:\Домашние проекты\New_SD_Device\ОС\Урок
#        4\Двоичный семафор_рабочий\Debug\Obj\list.o"
#        "D:\Домашние проекты\New_SD_Device\ОС\Урок
#        4\Двоичный семафор_рабочий\Debug\Obj\main.o"
#        "D:\Домашние проекты\New_SD_Device\ОС\Урок
#        4\Двоичный семафор_рабочий\Debug\Obj\misc.o"
#        "D:\Домашние проекты\New_SD_Device\ОС\Урок
#        4\Двоичный семафор_рабочий\Debug\Obj\port.o"
#        "D:\Домашние проекты\New_SD_Device\ОС\Урок
#        4\Двоичный семафор_рабочий\Debug\Obj\portasm.o"
#        "D:\Домашние проекты\New_SD_Device\ОС\Урок
#        4\Двоичный семафор_рабочий\Debug\Obj\queue.o"
#        "D:\Домашние проекты\New_SD_Device\ОС\Урок
#        4\Двоичный
#        семафор_рабочий\Debug\Obj\startup_stm32f4xx.o"
#        "D:\Домашние проекты\New_SD_Device\ОС\Урок
#        4\Двоичный
#        семафор_рабочий\Debug\Obj\stm32f4xx_gpio.o"
#        "D:\Домашние проекты\New_SD_Device\ОС\Урок
#        4\Двоичный
#        семафор_рабочий\Debug\Obj\stm32f4xx_rcc.o"
#        "D:\Домашние проекты\New_SD_Device\ОС\Урок
#        4\Двоичный
#        семафор_рабочий\Debug\Obj\stm32f4xx_tim.o"
#        "D:\Домашние проекты\New_SD_Device\ОС\Урок
#        4\Двоичный
#        семафор_рабочий\Debug\Obj\system_stm32f4xx.o"
#        "D:\Домашние проекты\New_SD_Device\ОС\Урок
#        4\Двоичный семафор_рабочий\Debug\Obj\tasks.o"
#        "D:\Домашние проекты\New_SD_Device\ОС\Урок
#        4\Двоичный семафор_рабочий\Debug\Obj\timers.o"
#        -o "D:\Домашние проекты\New_SD_Device\ОС\Урок
#        4\Двоичный семафор_рабочий\Debug\Exe\c.out"
#        --redirect _Printf=_PrintfFullNoMb --redirect _Scanf=_ScanfFullNoMb
#        --map "D:\Домашние проекты\New_SD_Device\ОС\Урок
#        4\Двоичный семафор_рабочий\Debug\List\c.map"
#        --config "C:\Program Files (x86)\IAR Systems\Embedded Workbench
#        8.0\arm\config\linker\ST\stm32f429xI.icf" --semihosting --entry
#        __iar_program_start --vfe --text_out locale)
#
###############################################################################

*******************************************************************************
*** RUNTIME MODEL ATTRIBUTES
***

CppFlavor       = *
__SystemLibrary = DLib
__dlib_version  = 6


*******************************************************************************
*** HEAP SELECTION
***

The basic heap was selected because no calls to memory allocation
functions were found in the application outside of system library
functions, and there are calls to deallocation functions in the
application.


*******************************************************************************
*** PLACEMENT SUMMARY
***

"A0":  place at 0x08000000 { ro section .intvec };
"P1":  place in [from 0x08000000 to 0x081fffff] { ro };
define block CSTACK with size = 8K, alignment = 8 { };
"P3":  place in [from 0x10000000 to 0x1000ffff] {
          block CSTACK, section .ccram };
define block HEAP with size = 8K, alignment = 8 { };
"P4":  place in [from 0x20000000 to 0x2001bfff] |
                [from 0x2001c000 to 0x2001ffff] |
                [from 0x20020000 to 0x2002ffff] { rw, block HEAP };
initialize by copy { rw };

  Section            Kind        Address     Size  Object
  -------            ----        -------     ----  ------
"A0":                                       0x188
  .intvec            ro code  0x08000000    0x188  startup_stm32f4xx.o [1]
                            - 0x08000188    0x188

"P1":                                      0x2708
  .text              ro code  0x08000188    0xbb8  tasks.o [1]
  .text              ro code  0x08000d40    0x158  heap_2.o [1]
  .text              ro code  0x08000e98     0x66  ABImemset.o [5]
  .text              ro code  0x08000efe     0x9a  list.o [1]
  .text              ro code  0x08000f98    0x24c  port.o [1]
  .text              ro code  0x080011e4    0x430  timers.o [1]
  CODE               ro code  0x08001614     0xa8  portasm.o [1]
  .text              ro code  0x080016bc    0x82c  queue.o [1]
  .text              ro code  0x08001ee8     0xa6  ABImemcpy.o [5]
  .rodata            const    0x08001f8e      0x2  heap_2.o [1]
  .text              ro code  0x08001f90    0x248  main.o [1]
  .text              ro code  0x080021d8     0x44  stm32f4xx_rcc.o [1]
  .text              ro code  0x0800221c     0xb2  stm32f4xx_gpio.o [1]
  .text              ro code  0x080022d0     0xfa  stm32f4xx_tim.o [1]
  .text              ro code  0x080023cc     0x78  misc.o [1]
  .text              ro code  0x08002444    0x180  system_stm32f4xx.o [1]
  .text              ro code  0x080025c4    0x16c  startup_stm32f4xx.o [1]
  .text              ro code  0x08002730     0x40  zero_init3.o [5]
  .text              ro code  0x08002770     0x2c  copy_init3.o [5]
  .text              ro code  0x0800279c     0x28  data_init.o [5]
  .text              ro code  0x080027c4     0x22  fpinit_M.o [4]
  .iar.init_table    const    0x080027e8     0x24  - Linker created -
  .text              ro code  0x0800280c     0x1a  cmain.o [5]
  .text              ro code  0x08002826      0x4  low_level_init.o [3]
  .text              ro code  0x0800282a      0x4  exit.o [3]
  .text              ro code  0x08002830      0xa  cexit.o [5]
  .text              ro code  0x0800283c     0x14  exit.o [6]
  .text              ro code  0x08002850      0xc  cstartup_M.o [5]
  .rodata            const    0x0800285c      0x8  main.o [1]
  .rodata            const    0x08002864      0x8  main.o [1]
  .rodata            const    0x0800286c      0x8  tasks.o [1]
  .rodata            const    0x08002874      0x8  timers.o [1]
  .rodata            const    0x0800287c      0x8  timers.o [1]
  .rodata            const    0x08002884      0x4  port.o [1]
  .rodata            const    0x08002888      0x0  zero_init3.o [5]
  .rodata            const    0x08002888      0x0  copy_init3.o [5]
  Initializer bytes  const    0x08002888      0x8  <for P4 s0>
                            - 0x08002890   0x2708

"P3":                                      0x2000
  CSTACK                      0x10000000   0x2000  <Block>
    CSTACK           uninit   0x10000000   0x2000  <Block tail>
                            - 0x10002000   0x2000

"P4", part 1 of 2:                            0x8
  P4 s0                       0x20000000      0x8  <Init block>
    .data            inited   0x20000000      0x4  heap_2.o [1]
    .data            inited   0x20000004      0x4  port.o [1]
                            - 0x20000008      0x8

"P4", part 2 of 2:                        0x12da4
  .bss               zero     0x20000008  0x12c00  heap_2.o [1]
  .bss               zero     0x20012c08     0x64  tasks.o [1]
  .bss               zero     0x20012c6c     0x40  queue.o [1]
  .bss               zero     0x20012cac     0x14  tasks.o [1]
  .bss               zero     0x20012cc0     0x14  tasks.o [1]
  .bss               zero     0x20012cd4     0x14  tasks.o [1]
  .bss               zero     0x20012ce8     0x14  tasks.o [1]
  .bss               zero     0x20012cfc     0x14  tasks.o [1]
  .bss               zero     0x20012d10     0x14  timers.o [1]
  .bss               zero     0x20012d24     0x14  timers.o [1]
  .bss               zero     0x20012d38      0x8  heap_2.o [1]
  .bss               zero     0x20012d40      0x8  heap_2.o [1]
  .bss               zero     0x20012d48      0x4  heap_2.o [1]
  .bss               zero     0x20012d4c      0x4  main.o [1]
  .bss               zero     0x20012d50      0x4  main.o [1]
  .bss               zero     0x20012d54      0x4  port.o [1]
  .bss               zero     0x20012d58      0x4  tasks.o [1]
  .bss               zero     0x20012d5c      0x4  tasks.o [1]
  .bss               zero     0x20012d60      0x4  tasks.o [1]
  .bss               zero     0x20012d64      0x4  tasks.o [1]
  .bss               zero     0x20012d68      0x4  tasks.o [1]
  .bss               zero     0x20012d6c      0x4  tasks.o [1]
  .bss               zero     0x20012d70      0x4  tasks.o [1]
  .bss               zero     0x20012d74      0x4  tasks.o [1]
  .bss               zero     0x20012d78      0x4  tasks.o [1]
  .bss               zero     0x20012d7c      0x4  tasks.o [1]
  .bss               zero     0x20012d80      0x4  tasks.o [1]
  .bss               zero     0x20012d84      0x4  tasks.o [1]
  .bss               zero     0x20012d88      0x4  tasks.o [1]
  .bss               zero     0x20012d8c      0x4  tasks.o [1]
  .bss               zero     0x20012d90      0x4  tasks.o [1]
  .bss               zero     0x20012d94      0x4  timers.o [1]
  .bss               zero     0x20012d98      0x4  timers.o [1]
  .bss               zero     0x20012d9c      0x4  timers.o [1]
  .bss               zero     0x20012da0      0x4  timers.o [1]
  .bss               zero     0x20012da4      0x4  timers.o [1]
  .bss               zero     0x20012da8      0x1  port.o [1]
                            - 0x20012da9  0x12da1


*******************************************************************************
*** INIT TABLE
***

          Address     Size
          -------     ----
Zero (__iar_zero_init3)
    1 destination range, total size 0x12da1:
          0x20000008  0x12da1

Copy (__iar_copy_init3)
    1 source range, total size 0x8:
          0x08002888      0x8
    1 destination range, total size 0x8:
          0x20000000      0x8



*******************************************************************************
*** MODULE SUMMARY
***

    Module               ro code  ro data  rw data
    ------               -------  -------  -------
D:\Домашние проекты\New_SD_Device\ОС\Урок 4\Двоичный семафор_рабочий\Debug\Obj: [1]
    heap_2.o                 344        6   76 824
    list.o                   154
    main.o                   584       16        8
    misc.o                   120
    port.o                   588        8        9
    portasm.o                168
    queue.o                2 092                64
    startup_stm32f4xx.o      756
    stm32f4xx_gpio.o         178
    stm32f4xx_rcc.o           68
    stm32f4xx_tim.o          250
    system_stm32f4xx.o       384
    tasks.o                3 000        8      260
    timers.o               1 072       16       60
    ----------------------------------------------
    Total:                 9 758       54   77 225

command line: [2]
    ----------------------------------------------
    Total:

dl7M_tln.a: [3]
    exit.o                     4
    low_level_init.o           4
    ----------------------------------------------
    Total:                     8

m7M_tls.a: [4]
    fpinit_M.o                34
    ----------------------------------------------
    Total:                    34

rt7M_tl.a: [5]
    ABImemcpy.o              166
    ABImemset.o              102
    cexit.o                   10
    cmain.o                   26
    copy_init3.o              44
    cstartup_M.o              12
    data_init.o               40
    zero_init3.o              64
    ----------------------------------------------
    Total:                   464

shb_l.a: [6]
    exit.o                    20
    ----------------------------------------------
    Total:                    20

    Gaps                       8        2
    Linker created                     36    8 192
--------------------------------------------------
    Grand Total:          10 292       92   85 417


*******************************************************************************
*** ENTRY LIST
***

Entry                      Address     Size  Type      Object
-----                      -------     ----  ----      ------
.iar.init_table$$Base   0x080027e8            --   Gb  - Linker created -
.iar.init_table$$Limit  0x0800280c            --   Gb  - Linker created -
?main                   0x0800280d           Code  Gb  cmain.o [5]
CSTACK$$Base            0x10000000            --   Gb  - Linker created -
CSTACK$$Limit           0x10002000            --   Gb  - Linker created -
GPIO_Init               0x0800221d     0xa8  Code  Gb  stm32f4xx_gpio.o [1]
GPIO_ToggleBits         0x080022c5      0xa  Code  Gb  stm32f4xx_gpio.o [1]
NVIC_Init               0x080023cd     0x68  Code  Gb  misc.o [1]
NVIC_SetPriority        0x08001f91     0x26  Code  Lc  main.o [1]
PendSV_Handler          0x08001615           Code  Gb  portasm.o [1]
RCC_AHB1PeriphClockCmd  0x080021d9     0x1e  Code  Gb  stm32f4xx_rcc.o [1]
RCC_APB2PeriphClockCmd  0x080021f7     0x1e  Code  Gb  stm32f4xx_rcc.o [1]
Region$$Table$$Base     0x080027e8            --   Gb  - Linker created -
Region$$Table$$Limit    0x0800280c            --   Gb  - Linker created -
SVC_Handler             0x0800166d           Code  Gb  portasm.o [1]
SetSysClock             0x08002497     0xf4  Code  Lc  system_stm32f4xx.o [1]
SysTick_Handler         0x08001123     0x28  Code  Gb  port.o [1]
SystemInit              0x08002445     0x52  Code  Gb  system_stm32f4xx.o [1]
TIM1_UP_TIM10_IRQHandler
                        0x0800206b     0x56  Code  Gb  main.o [1]
TIM1_UP_TIM10_IRQHandler::xHigherPriorityTaskWoken
                        0x20012d50      0x4  Data  Lc  main.o [1]
TIM_ClearITPendingBit   0x080023c3      0x8  Code  Gb  stm32f4xx_tim.o [1]
TIM_Cmd                 0x08002375     0x1c  Code  Gb  stm32f4xx_tim.o [1]
TIM_ITConfig            0x080023ad     0x16  Code  Gb  stm32f4xx_tim.o [1]
TIM_TimeBaseInit        0x080022d1     0x6c  Code  Gb  stm32f4xx_tim.o [1]
TIM_UpdateDisableConfig
                        0x0800233d     0x1c  Code  Gb  stm32f4xx_tim.o [1]
TIM_UpdateRequestConfig
                        0x08002359     0x1c  Code  Gb  stm32f4xx_tim.o [1]
__aeabi_memcpy          0x08001ee9           Code  Gb  ABImemcpy.o [5]
__aeabi_memcpy4         0x08001f09           Code  Gb  ABImemcpy.o [5]
__aeabi_memcpy8         0x08001f09           Code  Gb  ABImemcpy.o [5]
__aeabi_memset          0x08000e99           Code  Gb  ABImemset.o [5]
__cmain                 0x0800280d           Code  Gb  cmain.o [5]
__exit                  0x0800283d     0x14  Code  Gb  exit.o [6]
__iar_Memset            0x08000e99           Code  Gb  ABImemset.o [5]
__iar_Memset_word       0x08000ea1           Code  Gb  ABImemset.o [5]
__iar_copy_init3        0x08002771     0x2c  Code  Gb  copy_init3.o [5]
__iar_data_init3        0x0800279d     0x28  Code  Gb  data_init.o [5]
__iar_init_vfp          0x080027c5           Code  Gb  fpinit_M.o [4]
__iar_program_start     0x08002851           Code  Gb  cstartup_M.o [5]
__iar_systems$$module {Abs}
                        0x00000001           Data  Gb  command line/config [2]
__iar_zero_init3        0x08002731     0x40  Code  Gb  zero_init3.o [5]
__low_level_init        0x08002827      0x4  Code  Gb  low_level_init.o [3]
__vector_table          0x08000000           Data  Gb  startup_stm32f4xx.o [1]
_call_main              0x08002819           Code  Gb  cmain.o [5]
_exit                   0x08002831           Code  Gb  cexit.o [5]
_main                   0x08002823           Code  Gb  cmain.o [5]
exit                    0x0800282b      0x4  Code  Gb  exit.o [3]
fucking_interrupt       0x080020c1     0x16  Code  Lc  main.o [1]
heapSTRUCT_SIZE         0x08001f8e      0x2  Data  Lc  heap_2.o [1]
init_LED                0x08001fb7     0x34  Code  Gb  main.o [1]
main                    0x0800212f     0x7c  Code  Gb  main.o [1]
pcInterruptPriorityRegisters
                        0x08002884      0x4  Data  Lc  port.o [1]
prvAddCurrentTaskToDelayedList
                        0x08000c81     0x7e  Code  Lc  tasks.o [1]
prvAddNewTaskToReadyList
                        0x080002e1     0xc2  Code  Lc  tasks.o [1]
prvCheckForValidListAndQueue
                        0x080015a1     0x4c  Code  Lc  timers.o [1]
prvCheckTasksWaitingTermination
                        0x08000a19     0x64  Code  Lc  tasks.o [1]
prvCopyDataFromQueue    0x08001d95     0x30  Code  Lc  queue.o [1]
prvCopyDataToQueue      0x08001cfd     0x98  Code  Lc  queue.o [1]
prvDeleteTCB            0x08000a7d     0x12  Code  Lc  tasks.o [1]
prvGetNextExpireTime    0x0800139b     0x2a  Code  Lc  timers.o [1]
prvHeapInit             0x08000e55     0x26  Code  Lc  heap_2.o [1]
prvIdleTask             0x08000995     0x2a  Code  Lc  tasks.o [1]
prvInitialiseNewQueue   0x080017ab     0x36  Code  Lc  queue.o [1]
prvInitialiseNewTask    0x08000201     0xe0  Code  Lc  tasks.o [1]
prvInitialiseTaskLists  0x080009bf     0x5a  Code  Lc  tasks.o [1]
prvInsertTimerInActiveList
                        0x080013ed     0x50  Code  Lc  timers.o [1]
prvIsQueueEmpty         0x08001e33     0x1c  Code  Lc  queue.o [1]
prvIsQueueFull          0x08001e4f     0x1e  Code  Lc  queue.o [1]
prvProcessExpiredTimer  0x080012b1     0x5c  Code  Lc  timers.o [1]
prvProcessReceivedCommands
                        0x0800143d     0xde  Code  Lc  timers.o [1]
prvProcessTimerOrBlockTask
                        0x0800132b     0x70  Code  Lc  timers.o [1]
prvResetNextTaskUnblockTime
                        0x08000a8f     0x2a  Code  Lc  tasks.o [1]
prvSampleTimeNow        0x080013c5     0x28  Code  Lc  timers.o [1]
prvSampleTimeNow::xLastTime
                        0x20012da4      0x4  Data  Lc  timers.o [1]
prvSwitchTimerLists     0x0800151b     0x86  Code  Lc  timers.o [1]
prvTaskExitError        0x08000fc1     0x2a  Code  Lc  port.o [1]
prvTimerTask            0x08001311     0x1a  Code  Lc  timers.o [1]
prvUnlockQueue          0x08001dc5     0x6e  Code  Lc  queue.o [1]
pvPortMalloc            0x08000d43     0xd2  Code  Gb  heap_2.o [1]
pvPortMalloc::xHeapHasBeenInitialised
                        0x20012d48      0x4  Data  Lc  heap_2.o [1]
pvTaskIncrementMutexHeldCount
                        0x08000c41     0x1e  Code  Gb  tasks.o [1]
pxCurrentTCB            0x20012d58      0x4  Data  Gb  tasks.o [1]
pxCurrentTimerList      0x20012d94      0x4  Data  Lc  timers.o [1]
pxDelayedTaskList       0x20012d5c      0x4  Data  Lc  tasks.o [1]
pxOverflowDelayedTaskList
                        0x20012d60      0x4  Data  Lc  tasks.o [1]
pxOverflowTimerList     0x20012d98      0x4  Data  Lc  timers.o [1]
pxPortInitialiseStack   0x08000f99     0x28  Code  Gb  port.o [1]
pxReadyTasksLists       0x20012c08     0x64  Data  Lc  tasks.o [1]
ucHeap                  0x20000008  0x12c00  Data  Lc  heap_2.o [1]
ucMaxSysCallPriority    0x20012da8      0x1  Data  Lc  port.o [1]
ulMaxPRIGROUPValue      0x20012d54      0x4  Data  Lc  port.o [1]
uxCriticalNesting       0x20000004      0x4  Data  Lc  port.o [1]
uxCurrentNumberOfTasks  0x20012d68      0x4  Data  Lc  tasks.o [1]
uxDeletedTasksWaitingCleanUp
                        0x20012d64      0x4  Data  Lc  tasks.o [1]
uxListRemove            0x08000f71     0x28  Code  Gb  list.o [1]
uxPendedTicks           0x20012d78      0x4  Data  Lc  tasks.o [1]
uxSchedulerSuspended    0x20012d90      0x4  Data  Lc  tasks.o [1]
uxTaskNumber            0x20012d84      0x4  Data  Lc  tasks.o [1]
uxTopReadyPriority      0x20012d70      0x4  Data  Lc  tasks.o [1]
vApplicationIdleHook    0x08000991      0x2  Code  Gb  tasks.o [1]
vApplicationMallocFailedHook
                        0x08000d41      0x2  Code  Gb  heap_2.o [1]
vHandlerTask            0x080020d7     0x58  Code  Lc  main.o [1]
vListInitialise         0x08000eff     0x1e  Code  Gb  list.o [1]
vListInitialiseItem     0x08000f1d      0x6  Code  Gb  list.o [1]
vListInsert             0x08000f3b     0x36  Code  Gb  list.o [1]
vListInsertEnd          0x08000f23     0x18  Code  Gb  list.o [1]
vPeriodic_Task          0x08001feb     0x80  Code  Gb  main.o [1]
vPortEnableVFP          0x080016a1           Code  Gb  portasm.o [1]
vPortEnterCritical      0x080010b7     0x3a  Code  Gb  port.o [1]
vPortExitCritical       0x080010f1     0x32  Code  Gb  port.o [1]
vPortFree               0x08000e15     0x40  Code  Gb  heap_2.o [1]
vPortStartFirstTask     0x08001689           Code  Gb  portasm.o [1]
vPortValidateInterruptPriority
                        0x0800114d     0x4e  Code  Gb  port.o [1]
vQueueAddToRegistry     0x08001e6d     0x26  Code  Gb  queue.o [1]
vQueueWaitForMessageRestricted
                        0x08001e9d     0x4c  Code  Gb  queue.o [1]
vTaskDelete             0x080003a3     0xe2  Code  Gb  tasks.o [1]
vTaskMissedYield        0x0800097f      0xa  Code  Gb  tasks.o [1]
vTaskPlaceOnEventList   0x080007b5     0x34  Code  Gb  tasks.o [1]
vTaskPlaceOnEventListRestricted
                        0x080007f5     0x40  Code  Gb  tasks.o [1]
vTaskPriorityInherit    0x08000ad9     0xae  Code  Gb  tasks.o [1]
vTaskSetTimeOutState    0x080008d1     0x26  Code  Gb  tasks.o [1]
vTaskStartScheduler     0x08000485     0x72  Code  Gb  tasks.o [1]
vTaskSuspendAll         0x080004f7     0x10  Code  Gb  tasks.o [1]
vTaskSwitchContext      0x0800073d     0x6e  Code  Gb  tasks.o [1]
xActiveTimerList1       0x20012d10     0x14  Data  Lc  timers.o [1]
xActiveTimerList2       0x20012d24     0x14  Data  Lc  timers.o [1]
xBinarvSemaphore        0x20012d4c      0x4  Data  Gb  main.o [1]
xDelayedTaskList1       0x20012cac     0x14  Data  Lc  tasks.o [1]
xDelayedTaskList2       0x20012cc0     0x14  Data  Lc  tasks.o [1]
xEnd                    0x20012d40      0x8  Data  Lc  heap_2.o [1]
xFreeBytesRemaining     0x20000000      0x4  Data  Lc  heap_2.o [1]
xIdleTaskHandle         0x20012d8c      0x4  Data  Lc  tasks.o [1]
xNextTaskUnblockTime    0x20012d88      0x4  Data  Lc  tasks.o [1]
xNumOfOverflows         0x20012d80      0x4  Data  Lc  tasks.o [1]
xPendingReadyList       0x20012cd4     0x14  Data  Lc  tasks.o [1]
xPortStartScheduler     0x08000feb     0xcc  Code  Gb  port.o [1]
xQueueGenericCreate     0x08001755     0x56  Code  Gb  queue.o [1]
xQueueGenericReceive    0x08001b27    0x1d6  Code  Gb  queue.o [1]
xQueueGenericReset      0x080016bd     0x98  Code  Gb  queue.o [1]
xQueueGenericSend       0x080017e1    0x1a6  Code  Gb  queue.o [1]
xQueueGenericSendFromISR
                        0x08001987     0xde  Code  Gb  queue.o [1]
xQueueGiveFromISR       0x08001a65     0xc2  Code  Gb  queue.o [1]
xQueueRegistry          0x20012c6c     0x40  Data  Gb  queue.o [1]
xSchedulerRunning       0x20012d74      0x4  Data  Lc  tasks.o [1]
xStart                  0x20012d38      0x8  Data  Lc  heap_2.o [1]
xSuspendedTaskList      0x20012cfc     0x14  Data  Lc  tasks.o [1]
xTaskCheckForTimeOut    0x080008fd     0x82  Code  Gb  tasks.o [1]
xTaskCreate             0x08000189     0x78  Code  Gb  tasks.o [1]
xTaskGetSchedulerState  0x08000ab9     0x20  Code  Gb  tasks.o [1]
xTaskGetTickCount       0x08000603      0x8  Code  Gb  tasks.o [1]
xTaskIncrementTick      0x0800060b    0x12a  Code  Gb  tasks.o [1]
xTaskPriorityDisinherit
                        0x08000b87     0xba  Code  Gb  tasks.o [1]
xTaskRemoveFromEventList
                        0x08000841     0x86  Code  Gb  tasks.o [1]
xTaskResumeAll          0x08000507     0xfc  Code  Gb  tasks.o [1]
xTasksWaitingTermination
                        0x20012ce8     0x14  Data  Lc  tasks.o [1]
xTickCount              0x20012d6c      0x4  Data  Lc  tasks.o [1]
xTimerCreateTimerTask   0x080011e5     0x48  Code  Gb  timers.o [1]
xTimerGenericCommand    0x0800122d     0x84  Code  Gb  timers.o [1]
xTimerQueue             0x20012d9c      0x4  Data  Lc  timers.o [1]
xTimerTaskHandle        0x20012da0      0x4  Data  Lc  timers.o [1]
xYieldPending           0x20012d7c      0x4  Data  Lc  tasks.o [1]


[1] = D:\Домашние проекты\New_SD_Device\ОС\Урок 4\Двоичный семафор_рабочий\Debug\Obj
[2] = command line
[3] = dl7M_tln.a
[4] = m7M_tls.a
[5] = rt7M_tl.a
[6] = shb_l.a

  10 292 bytes of readonly  code memory
      92 bytes of readonly  data memory
  85 417 bytes of readwrite data memory

Errors: none
Warnings: none
